
Optional file libmchp_peripheral.a not found

Optional file libmchp_peripheral_32MX795F512L.a not found
Archive member included because of file (symbol)

c:/program files (x86)/microchip/xc32/v1.42/bin/bin/../../lib/gcc/pic32mx/4.8.3/../../../../pic32mx/lib\libpic32.a(memcpy.o)
                              build/default/production/_ext/508346365/queue.o (memcpy)
c:/program files (x86)/microchip/xc32/v1.42/bin/bin/../../lib/gcc/pic32mx/4.8.3/../../../../pic32mx/lib\libpic32.a(memset.o)
                              build/default/production/_ext/508346365/tasks.o (memset)
c:/program files (x86)/microchip/xc32/v1.42/bin/bin/../../lib/gcc/pic32mx/4.8.3/../../../../pic32mx/lib\libpic32.a(default-bootstrap-exception-handler.o)
                              c:/program files (x86)/microchip/xc32/v1.42/bin/bin/../../lib/gcc/pic32mx/4.8.3/../../../../pic32mx/lib/./proc/32MX795F512L/crt0_mips32r2.o (_bootstrap_exception_handler)
c:/program files (x86)/microchip/xc32/v1.42/bin/bin/../../lib/gcc/pic32mx/4.8.3/../../../../pic32mx/lib\libpic32.a(default-on-reset.o)
                              c:/program files (x86)/microchip/xc32/v1.42/bin/bin/../../lib/gcc/pic32mx/4.8.3/../../../../pic32mx/lib/./proc/32MX795F512L/crt0_mips32r2.o (_on_reset)
c:/program files (x86)/microchip/xc32/v1.42/bin/bin/../../lib/gcc/pic32mx/4.8.3/../../../../pic32mx/lib\libpic32.a(default-on-bootstrap.o)
                              c:/program files (x86)/microchip/xc32/v1.42/bin/bin/../../lib/gcc/pic32mx/4.8.3/../../../../pic32mx/lib/./proc/32MX795F512L/crt0_mips32r2.o (_on_bootstrap)
c:/program files (x86)/microchip/xc32/v1.42/bin/bin/../../lib/gcc/pic32mx/4.8.3/../../../../pic32mx/lib\libpic32.a(default-nmi-handler.o)
                              c:/program files (x86)/microchip/xc32/v1.42/bin/bin/../../lib/gcc/pic32mx/4.8.3/../../../../pic32mx/lib/./proc/32MX795F512L/crt0_mips32r2.o (_nmi_handler)
c:/program files (x86)/microchip/xc32/v1.42/bin/bin/../../lib/gcc/pic32mx/4.8.3/../../../../pic32mx/lib\libpic32.a(general-exception.o)
                              c:/program files (x86)/microchip/xc32/v1.42/bin/bin/../../lib/gcc/pic32mx/4.8.3/../../../../pic32mx/lib/./proc/32MX795F512L/crt0_mips32r2.o (_general_exception_context)
c:/program files (x86)/microchip/xc32/v1.42/bin/bin/../../lib/gcc/pic32mx/4.8.3/../../../../pic32mx/lib\libpic32.a(vector0.o)
                              c:/program files (x86)/microchip/xc32/v1.42/bin/bin/../../lib/gcc/pic32mx/4.8.3/../../../../pic32mx/lib/./proc/32MX795F512L\default_isr_vectors.o (__vector_dispatch_0)
c:/program files (x86)/microchip/xc32/v1.42/bin/bin/../../lib/gcc/pic32mx/4.8.3/../../../../pic32mx/lib\libpic32.a(vector2.o)
                              c:/program files (x86)/microchip/xc32/v1.42/bin/bin/../../lib/gcc/pic32mx/4.8.3/../../../../pic32mx/lib/./proc/32MX795F512L\default_isr_vectors.o (__vector_dispatch_2)
c:/program files (x86)/microchip/xc32/v1.42/bin/bin/../../lib/gcc/pic32mx/4.8.3/../../../../pic32mx/lib\libpic32.a(vector3.o)
                              c:/program files (x86)/microchip/xc32/v1.42/bin/bin/../../lib/gcc/pic32mx/4.8.3/../../../../pic32mx/lib/./proc/32MX795F512L\default_isr_vectors.o (__vector_dispatch_3)
c:/program files (x86)/microchip/xc32/v1.42/bin/bin/../../lib/gcc/pic32mx/4.8.3/../../../../pic32mx/lib\libpic32.a(vector5.o)
                              c:/program files (x86)/microchip/xc32/v1.42/bin/bin/../../lib/gcc/pic32mx/4.8.3/../../../../pic32mx/lib/./proc/32MX795F512L\default_isr_vectors.o (__vector_dispatch_5)
c:/program files (x86)/microchip/xc32/v1.42/bin/bin/../../lib/gcc/pic32mx/4.8.3/../../../../pic32mx/lib\libpic32.a(vector6.o)
                              c:/program files (x86)/microchip/xc32/v1.42/bin/bin/../../lib/gcc/pic32mx/4.8.3/../../../../pic32mx/lib/./proc/32MX795F512L\default_isr_vectors.o (__vector_dispatch_6)
c:/program files (x86)/microchip/xc32/v1.42/bin/bin/../../lib/gcc/pic32mx/4.8.3/../../../../pic32mx/lib\libpic32.a(vector7.o)
                              c:/program files (x86)/microchip/xc32/v1.42/bin/bin/../../lib/gcc/pic32mx/4.8.3/../../../../pic32mx/lib/./proc/32MX795F512L\default_isr_vectors.o (__vector_dispatch_7)
c:/program files (x86)/microchip/xc32/v1.42/bin/bin/../../lib/gcc/pic32mx/4.8.3/../../../../pic32mx/lib\libpic32.a(vector9.o)
                              c:/program files (x86)/microchip/xc32/v1.42/bin/bin/../../lib/gcc/pic32mx/4.8.3/../../../../pic32mx/lib/./proc/32MX795F512L\default_isr_vectors.o (__vector_dispatch_9)
c:/program files (x86)/microchip/xc32/v1.42/bin/bin/../../lib/gcc/pic32mx/4.8.3/../../../../pic32mx/lib\libpic32.a(vector10.o)
                              c:/program files (x86)/microchip/xc32/v1.42/bin/bin/../../lib/gcc/pic32mx/4.8.3/../../../../pic32mx/lib/./proc/32MX795F512L\default_isr_vectors.o (__vector_dispatch_10)
c:/program files (x86)/microchip/xc32/v1.42/bin/bin/../../lib/gcc/pic32mx/4.8.3/../../../../pic32mx/lib\libpic32.a(vector11.o)
[...]
Memory Configuration

Name             Origin             Length             Attributes
kseg0_program_mem 0x9d000000         0x00080000         xr
kseg0_boot_mem   0x9fc00490         0x00000970
exception_mem    0x9fc01000         0x00001000
kseg1_boot_mem   0xbfc00000         0x00000490
debug_exec_mem   0xbfc02000         0x00000ff0
config3          0xbfc02ff0         0x00000004
config2          0xbfc02ff4         0x00000004
config1          0xbfc02ff8         0x00000004
config0          0xbfc02ffc         0x00000004
kseg1_data_mem   0xa0000000         0x00020000         w !x
sfrs             0xbf800000         0x00100000
configsfrs       0xbfc02ff0         0x00000010
*default*        0x00000000         0xffffffff

Linker script and memory map

LOAD c:/program files (x86)/microchip/xc32/v1.42/bin/bin/../../lib/gcc/pic32mx/4.8.3/../../../../pic32mx/lib/./proc/32MX795F512L/crt0_mips32r2.o
LOAD c:/program files (x86)/microchip/xc32/v1.42/bin/bin/../../lib/gcc/pic32mx/4.8.3/../../../../pic32mx/lib\debug-exception-return.o
LOAD build/default/production/_ext/1047219354/drv_oc_mapping.o
LOAD build/default/production/_ext/1047219354/drv_oc_static.o
LOAD build/default/production/_ext/1407244131/drv_tmr_static.o
LOAD build/default/production/_ext/1407244131/drv_tmr_mapping.o
LOAD build/default/production/_ext/327000265/drv_usart_mapping.o
LOAD build/default/production/_ext/327000265/drv_usart_static.o
LOAD build/default/production/_ext/327000265/drv_usart_static_byte_model.o
LOAD build/default/production/_ext/639803181/sys_clk_static.o
LOAD build/default/production/_ext/822048611/sys_ports_static.o
LOAD build/default/production/_ext/1688732426/system_init.o
LOAD build/default/production/_ext/1688732426/system_interrupt.o
LOAD build/default/production/_ext/1688732426/system_exceptions.o
LOAD build/default/production/_ext/1688732426/system_tasks.o
LOAD build/default/production/_ext/1688732426/system_interrupt_a.o
LOAD build/default/production/_ext/1688732426/rtos_hooks.o
LOAD build/default/production/_ext/1360937237/debug.o
LOAD build/default/production/_ext/1360937237/wifly.o
LOAD build/default/production/_ext/1360937237/main.o
LOAD build/default/production/_ext/1360937237/serializer.o
LOAD build/default/production/_ext/1360937237/motors.o
LOAD build/default/production/_ext/1360937237/navigation.o
LOAD build/default/production/_ext/1360937237/IR_Sensor.o
LOAD build/default/production/_ext/928989848/osal_freertos.o
LOAD build/default/production/_ext/91420158/sys_devcon.o
LOAD build/default/production/_ext/91420158/sys_devcon_pic32mx.o
LOAD build/default/production/_ext/1973178728/sys_int_pic32.o
LOAD build/default/production/_ext/1679664506/heap_1.o
LOAD build/default/production/_ext/1463924121/port.o
LOAD build/default/production/_ext/1463924121/port_asm.o
LOAD build/default/production/_ext/508346365/croutine.o
LOAD build/default/production/_ext/508346365/list.o
LOAD build/default/production/_ext/508346365/queue.o
LOAD build/default/production/_ext/508346365/tasks.o
LOAD build/default/production/_ext/508346365/timers.o
LOAD build/default/production/_ext/508346365/event_groups.o
LOAD ..\..\..\..\..\..\..\..\microchip\harmony\v1_08_01\bin\framework\peripheral\PIC32MX795F512L_peripherals.a
LOAD ..\..\..\..\..\..\..\..\microchip\harmony\v1_08_01\framework\tcpip\src\crypto\aes_pic32mx.a
                0x00000001                __MPLAB_BUILD = 0x1
                0x00000000                _min_heap_size = 0x0
LOAD c:/program files (x86)/microchip/xc32/v1.42/bin/bin/../../lib/gcc/pic32mx/4.8.3/../../../../pic32mx/lib/./proc/32MX795F512L\default_isr_vectors.o
LOAD c:/program files (x86)/microchip/xc32/v1.42/bin/bin/../../lib/gcc/pic32mx/4.8.3/../../../../pic32mx/lib\pic32_software_reset.o
                0x00000400                PROVIDE (_min_stack_size, 0x400)
LOAD c:/program files (x86)/microchip/xc32/v1.42/bin/bin/../../lib/gcc/pic32mx/4.8.3/../../../../pic32mx/lib/./proc/32MX795F512L\processor.o
START GROUP
LOAD libmchp_peripheral.a
END GROUP
START GROUP
LOAD libmchp_peripheral_32MX795F512L.a
END GROUP
                0x00000001                PROVIDE (_vector_spacing, 0x1)
                0x9fc01000                PROVIDE (_ebase_address, 0x9fc01000)
                0xbfc00000                _RESET_ADDR = 0xbfc00000
                0xbfc00380                _BEV_EXCPT_ADDR = 0xbfc00380
                0xbfc00480                _DBG_EXCPT_ADDR = 0xbfc00480
                0xbfc02000                _DBG_CODE_ADDR = 0xbfc02000
                0x00000ff0                _DBG_CODE_SIZE = 0xff0
                0x9fc01180                _GEN_EXCPT_ADDR = (_ebase_address + 0x180)

.config_BFC02FF0
                0xbfc02ff0        0x4
 *(.config_BFC02FF0)
 .config_BFC02FF0
                0xbfc02ff0        0x4 build/default/production/_ext/1688732426/system_init.o

.config_BFC02FF4
                0xbfc02ff4        0x4
 *(.config_BFC02FF4)
 .config_BFC02FF4
                0xbfc02ff4        0x4 build/default/production/_ext/1688732426/system_init.o

.config_BFC02FF8
                0xbfc02ff8        0x4
 *(.config_BFC02FF8)
 .config_BFC02FF8
                0xbfc02ff8        0x4 build/default/production/_ext/1688732426/system_init.o

.config_BFC02FFC
                0xbfc02ffc        0x4
 *(.config_BFC02FFC)
 .config_BFC02FFC
                0xbfc02ffc        0x4 build/default/production/_ext/1688732426/system_init.o
                0xbfc02000                PROVIDE (_DBG_CODE_ADDR, 0xbfc02000)
                0x00000ff0                PROVIDE (_DBG_CODE_SIZE, 0xff0)

.reset          0xbfc00000      0x208
 *(.reset)
 .reset         0xbfc00000        0x8 c:/program files (x86)/microchip/xc32/v1.42/bin/bin/../../lib/gcc/pic32mx/4.8.3/../../../../pic32mx/lib/./proc/32MX795F512L/crt0_mips32r2.o
                0xbfc00000                _reset
 *(.reset.startup)
 .reset.startup
                0xbfc00008      0x200 c:/program files (x86)/microchip/xc32/v1.42/bin/bin/../../lib/gcc/pic32mx/4.8.3/../../../../pic32mx/lib/./proc/32MX795F512L/crt0_mips32r2.o

.bev_excpt      0xbfc00380       0x10
 *(.bev_handler)
 .bev_handler   0xbfc00380       0x10 c:/program files (x86)/microchip/xc32/v1.42/bin/bin/../../lib/gcc/pic32mx/4.8.3/../../../../pic32mx/lib/./proc/32MX795F512L/crt0_mips32r2.o

.dbg_excpt      0xbfc00480        0x0
                0xbfc00480                . = (. + DEFINED (_DEBUGGER)?0x8:0x0)

.dbg_code       0xbfc02000        0x0
                0xbfc02000                . = (. + DEFINED (_DEBUGGER)?_DBG_CODE_SIZE:0x0)

.app_excpt      0x9fc01180       0x10
 *(.gen_handler)
 .gen_handler   0x9fc01180       0x10 c:/program files (x86)/microchip/xc32/v1.42/bin/bin/../../lib/gcc/pic32mx/4.8.3/../../../../pic32mx/lib/./proc/32MX795F512L/crt0_mips32r2.o

.vector_0       0x9fc01200        0x8
 *(.vector_0)
 .vector_0      0x9fc01200        0x8 c:/program files (x86)/microchip/xc32/v1.42/bin/bin/../../lib/gcc/pic32mx/4.8.3/../../../../pic32mx/lib\libpic32.a(vector0.o)
                0x9fc01200                __vector_dispatch_0
                0x00000001                ASSERT (((_vector_spacing == 0x0) || (SIZEOF (.vector_0) <= (_vector_spacing << 0x5))), function at exception vector 0 too large)

.vector_1       0x9fc01220        0x8
 *(.vector_1)
 .vector_1      0x9fc01220        0x8 build/default/production/_ext/1463924121/port.o
                0x9fc01220                __vector_dispatch_1
                0x00000001                ASSERT (((_vector_spacing == 0x0) || (SIZEOF (.vector_1) <= (_vector_spacing << 0x5))), function at exception vector 1 too large)

.vector_2       0x9fc01240        0x8
 *(.vector_2)
 .vector_2      0x9fc01240        0x8 c:/program files (x86)/microchip/xc32/v1.42/bin/bin/../../lib/gcc/pic32mx/4.8.3/../../../../pic32mx/lib\libpic32.a(vector2.o)
                0x9fc01240                __vector_dispatch_2
                0x00000001                ASSERT (((_vector_spacing == 0x0) || (SIZEOF (.vector_2) <= (_vector_spacing << 0x5))), function at exception vector 2 too large)

.vector_3       0x9fc01260        0x8
 *(.vector_3)
 .vector_3      0x9fc01260        0x8 c:/program files (x86)/microchip/xc32/v1.42/bin/bin/../../lib/gcc/pic32mx/4.8.3/../../../../pic32mx/lib\libpic32.a(vector3.o)
                0x9fc01260                __vector_dispatch_3
                0x00000001                ASSERT (((_vector_spacing == 0x0) || (SIZEOF (.vector_3) <= (_vector_spacing << 0x5))), function at exception vector 3 too large)

.vector_4       0x9fc01280        0x8
 *(.vector_4)
 .vector_4      0x9fc01280        0x8 build/default/production/_ext/1463924121/port.o
                0x9fc01280                __vector_dispatch_4
                0x00000001                ASSERT (((_vector_spacing == 0x0) || (SIZEOF (.vector_4) <= (_vector_spacing << 0x5))), function at exception vector 4 too large)

.vector_5       0x9fc012a0        0x8
 *(.vector_5)
 .vector_5      0x9fc012a0        0x8 c:/program files (x86)/microchip/xc32/v1.42/bin/bin/../../lib/gcc/pic32mx/4.8.3/../../../../pic32mx/lib\libpic32.a(vector5.o)
                0x9fc012a0                __vector_dispatch_5
                0x00000001                ASSERT (((_vector_spacing == 0x0) || (SIZEOF (.vector_5) <= (_vector_spacing << 0x5))), function at exception vector 5 too large)

.vector_6       0x9fc012c0        0x8
 *(.vector_6)
 .vector_6      0x9fc012c0        0x8 c:/program files (x86)/microchip/xc32/v1.42/bin/bin/../../lib/gcc/pic32mx/4.8.3/../../../../pic32mx/lib\libpic32.a(vector6.o)
                0x9fc012c0                __vector_dispatch_6
                0x00000001                ASSERT (((_vector_spacing == 0x0) || (SIZEOF (.vector_6) <= (_vector_spacing << 0x5))), function at exception vector 6 too large)

.vector_7       0x9fc012e0        0x8
 *(.vector_7)
 .vector_7      0x9fc012e0        0x8 c:/program files (x86)/microchip/xc32/v1.42/bin/bin/../../lib/gcc/pic32mx/4.8.3/../../../../pic32mx/lib\libpic32.a(vector7.o)
                0x9fc012e0                __vector_dispatch_7
                0x00000001                ASSERT (((_vector_spacing == 0x0) || (SIZEOF (.vector_7) <= (_vector_spacing << 0x5))), function at exception vector 7 too large)

.vector_8       0x9fc01300       0x10
 *(.vector_8)
 .vector_8      0x9fc01300       0x10 build/default/production/_ext/1688732426/system_interrupt_a.o
                0x9fc01300                __vector_dispatch_8
                0x00000001                ASSERT (((_vector_spacing == 0x0) || (SIZEOF (.vector_8) <= (_vector_spacing << 0x5))), function at exception vector 8 too large)

.vector_9       0x9fc01320        0x8
 *(.vector_9)
 .vector_9      0x9fc01320        0x8 c:/program files (x86)/microchip/xc32/v1.42/bin/bin/../../lib/gcc/pic32mx/4.8.3/../../../../pic32mx/lib\libpic32.a(vector9.o)
                0x9fc01320                __vector_dispatch_9
                0x00000001                ASSERT (((_vector_spacing == 0x0) || (SIZEOF (.vector_9) <= (_vector_spacing << 0x5))), function at exception vector 9 too large)

.vector_10      0x9fc01340        0x8
 *(.vector_10)
 .vector_10     0x9fc01340        0x8 c:/program files (x86)/microchip/xc32/v1.42/bin/bin/../../lib/gcc/pic32mx/4.8.3/../../../../pic32mx/lib\libpic32.a(vector10.o)
                0x9fc01340                __vector_dispatch_10
                0x00000001                ASSERT (((_vector_spacing == 0x0) || (SIZEOF (.vector_10) <= (_vector_spacing << 0x5))), function at exception vector 10 too large)

.vector_11      0x9fc01360        0x8
 *(.vector_11)
 .vector_11     0x9fc01360        0x8 c:/program files (x86)/microchip/xc32/v1.42/bin/bin/../../lib/gcc/pic32mx/4.8.3/../../../../pic32mx/lib\libpic32.a(vector11.o)
                0x9fc01360                __vector_dispatch_11
                0x00000001                ASSERT (((_vector_spacing == 0x0) || (SIZEOF (.vector_11) <= (_vector_spacing << 0x5))), function at exception vector 11 too large)

.vector_12      0x9fc01380       0x10
 *(.vector_12)
 .vector_12     0x9fc01380       0x10 build/default/production/_ext/1688732426/system_interrupt_a.o
                0x9fc01380                __vector_dispatch_12
                0x00000001                ASSERT (((_vector_spacing == 0x0) || (SIZEOF (.vector_12) <= (_vector_spacing << 0x5))), function at exception vector 12 too large)

.vector_13      0x9fc013a0        0x8
 *(.vector_13)
 .vector_13     0x9fc013a0        0x8 c:/program files (x86)/microchip/xc32/v1.42/bin/bin/../../lib/gcc/pic32mx/4.8.3/../../../../pic32mx/lib\libpic32.a(vector13.o)
                0x9fc013a0                __vector_dispatch_13
                0x00000001                ASSERT (((_vector_spacing == 0x0) || (SIZEOF (.vector_13) <= (_vector_spacing << 0x5))), function at exception vector 13 too large)

.vector_14      0x9fc013c0        0x8
 *(.vector_14)
 .vector_14     0x9fc013c0        0x8 c:/program files (x86)/microchip/xc32/v1.42/bin/bin/../../lib/gcc/pic32mx/4.8.3/../../../../pic32mx/lib\libpic32.a(vector14.o)
                0x9fc013c0                __vector_dispatch_14
                0x00000001                ASSERT (((_vector_spacing == 0x0) || (SIZEOF (.vector_14) <= (_vector_spacing << 0x5))), function at exception vector 14 too large)

.vector_15      0x9fc013e0        0x8
 *(.vector_15)
 .vector_15     0x9fc013e0        0x8 c:/program files (x86)/microchip/xc32/v1.42/bin/bin/../../lib/gcc/pic32mx/4.8.3/../../../../pic32mx/lib\libpic32.a(vector15.o)
                0x9fc013e0                __vector_dispatch_15
                0x00000001                ASSERT (((_vector_spacing == 0x0) || (SIZEOF (.vector_15) <= (_vector_spacing << 0x5))), function at exception vector 15 too large)

.vector_16      0x9fc01400       0x10
 *(.vector_16)
 .vector_16     0x9fc01400       0x10 build/default/production/_ext/1688732426/system_interrupt_a.o
                0x9fc01400                __vector_dispatch_16
                0x00000001                ASSERT (((_vector_spacing == 0x0) || (SIZEOF (.vector_16) <= (_vector_spacing << 0x5))), function at exception vector 16 too large)

.vector_17      0x9fc01420        0x8
 *(.vector_17)
 .vector_17     0x9fc01420        0x8 c:/program files (x86)/microchip/xc32/v1.42/bin/bin/../../lib/gcc/pic32mx/4.8.3/../../../../pic32mx/lib\libpic32.a(vector17.o)
                0x9fc01420                __vector_dispatch_17
                0x00000001                ASSERT (((_vector_spacing == 0x0) || (SIZEOF (.vector_17) <= (_vector_spacing << 0x5))), function at exception vector 17 too large)

.vector_18      0x9fc01440        0x8
 *(.vector_18)
 .vector_18     0x9fc01440        0x8 c:/program files (x86)/microchip/xc32/v1.42/bin/bin/../../lib/gcc/pic32mx/4.8.3/../../../../pic32mx/lib\libpic32.a(vector18.o)
                0x9fc01440                __vector_dispatch_18
                0x00000001                ASSERT (((_vector_spacing == 0x0) || (SIZEOF (.vector_18) <= (_vector_spacing << 0x5))), function at exception vector 18 too large)

.vector_19      0x9fc01460        0x8
 *(.vector_19)
 .vector_19     0x9fc01460        0x8 c:/program files (x86)/microchip/xc32/v1.42/bin/bin/../../lib/gcc/pic32mx/4.8.3/../../../../pic32mx/lib\libpic32.a(vector19.o)
                0x9fc01460                __vector_dispatch_19
                0x00000001                ASSERT (((_vector_spacing == 0x0) || (SIZEOF (.vector_19) <= (_vector_spacing << 0x5))), function at exception vector 19 too large)

.vector_20      0x9fc01480        0x8
 *(.vector_20)
 .vector_20     0x9fc01480        0x8 c:/program files (x86)/microchip/xc32/v1.42/bin/bin/../../lib/gcc/pic32mx/4.8.3/../../../../pic32mx/lib\libpic32.a(vector20.o)
                0x9fc01480                __vector_dispatch_20
                0x00000001                ASSERT (((_vector_spacing == 0x0) || (SIZEOF (.vector_20) <= (_vector_spacing << 0x5))), function at exception vector 20 too large)

.vector_21      0x9fc014a0        0x8
 *(.vector_21)
 .vector_21     0x9fc014a0        0x8 c:/program files (x86)/microchip/xc32/v1.42/bin/bin/../../lib/gcc/pic32mx/4.8.3/../../../../pic32mx/lib\libpic32.a(vector21.o)
                0x9fc014a0                __vector_dispatch_21
                0x00000001                ASSERT (((_vector_spacing == 0x0) || (SIZEOF (.vector_21) <= (_vector_spacing << 0x5))), function at exception vector 21 too large)

.vector_22      0x9fc014c0        0x8
 *(.vector_22)
 .vector_22     0x9fc014c0        0x8 c:/program files (x86)/microchip/xc32/v1.42/bin/bin/../../lib/gcc/pic32mx/4.8.3/../../../../pic32mx/lib\libpic32.a(vector22.o)
                0x9fc014c0                __vector_dispatch_22
                0x00000001                ASSERT (((_vector_spacing == 0x0) || (SIZEOF (.vector_22) <= (_vector_spacing << 0x5))), function at exception vector 22 too large)

.vector_23      0x9fc014e0        0x8
 *(.vector_23)
 .vector_23     0x9fc014e0        0x8 c:/program files (x86)/microchip/xc32/v1.42/bin/bin/../../lib/gcc/pic32mx/4.8.3/../../../../pic32mx/lib\libpic32.a(vector23.o)
                0x9fc014e0                __vector_dispatch_23
                0x00000001                ASSERT (((_vector_spacing == 0x0) || (SIZEOF (.vector_23) <= (_vector_spacing << 0x5))), function at exception vector 23 too large)

.vector_24      0x9fc01500       0x10
 *(.vector_24)
 .vector_24     0x9fc01500       0x10 build/default/production/_ext/1688732426/system_interrupt_a.o
                0x9fc01500                __vector_dispatch_24
                0x00000001                ASSERT (((_vector_spacing == 0x0) || (SIZEOF (.vector_24) <= (_vector_spacing << 0x5))), function at exception vector 24 too large)

.vector_25      0x9fc01520        0x8
 *(.vector_25)
 .vector_25     0x9fc01520        0x8 c:/program files (x86)/microchip/xc32/v1.42/bin/bin/../../lib/gcc/pic32mx/4.8.3/../../../../pic32mx/lib\libpic32.a(vector25.o)
                0x9fc01520                __vector_dispatch_25
                0x00000001                ASSERT (((_vector_spacing == 0x0) || (SIZEOF (.vector_25) <= (_vector_spacing << 0x5))), function at exception vector 25 too large)

.vector_26      0x9fc01540        0x8
 *(.vector_26)
 .vector_26     0x9fc01540        0x8 c:/program files (x86)/microchip/xc32/v1.42/bin/bin/../../lib/gcc/pic32mx/4.8.3/../../../../pic32mx/lib\libpic32.a(vector26.o)
                0x9fc01540                __vector_dispatch_26
                0x00000001                ASSERT (((_vector_spacing == 0x0) || (SIZEOF (.vector_26) <= (_vector_spacing << 0x5))), function at exception vector 26 too large)

.vector_27      0x9fc01560        0x8
 *(.vector_27)
 .vector_27     0x9fc01560        0x8 c:/program files (x86)/microchip/xc32/v1.42/bin/bin/../../lib/gcc/pic32mx/4.8.3/../../../../pic32mx/lib\libpic32.a(vector27.o)
                0x9fc01560                __vector_dispatch_27
                0x00000001                ASSERT (((_vector_spacing == 0x0) || (SIZEOF (.vector_27) <= (_vector_spacing << 0x5))), function at exception vector 27 too large)

.vector_28      0x9fc01580        0x8
 *(.vector_28)
 .vector_28     0x9fc01580        0x8 c:/program files (x86)/microchip/xc32/v1.42/bin/bin/../../lib/gcc/pic32mx/4.8.3/../../../../pic32mx/lib\libpic32.a(vector28.o)
                0x9fc01580                __vector_dispatch_28
                0x00000001                ASSERT (((_vector_spacing == 0x0) || (SIZEOF (.vector_28) <= (_vector_spacing << 0x5))), function at exception vector 28 too large)

.vector_29      0x9fc015a0        0x8
 *(.vector_29)
 .vector_29     0x9fc015a0        0x8 c:/program files (x86)/microchip/xc32/v1.42/bin/bin/../../lib/gcc/pic32mx/4.8.3/../../../../pic32mx/lib\libpic32.a(vector29.o)
                0x9fc015a0                __vector_dispatch_29
                0x00000001                ASSERT (((_vector_spacing == 0x0) || (SIZEOF (.vector_29) <= (_vector_spacing << 0x5))), function at exception vector 29 too large)

.vector_30      0x9fc015c0        0x8
 *(.vector_30)
 .vector_30     0x9fc015c0        0x8 c:/program files (x86)/microchip/xc32/v1.42/bin/bin/../../lib/gcc/pic32mx/4.8.3/../../../../pic32mx/lib\libpic32.a(vector30.o)
                0x9fc015c0                __vector_dispatch_30
                0x00000001                ASSERT (((_vector_spacing == 0x0) || (SIZEOF (.vector_30) <= (_vector_spacing << 0x5))), function at exception vector 30 too large)

.vector_31      0x9fc015e0        0x8
 *(.vector_31)
 .vector_31     0x9fc015e0        0x8 c:/program files (x86)/microchip/xc32/v1.42/bin/bin/../../lib/gcc/pic32mx/4.8.3/../../../../pic32mx/lib\libpic32.a(vector31.o)
                0x9fc015e0                __vector_dispatch_31
                0x00000001                ASSERT (((_vector_spacing == 0x0) || (SIZEOF (.vector_31) <= (_vector_spacing << 0x5))), function at exception vector 31 too large)

.vector_32      0x9fc01600        0x8
 *(.vector_32)
 .vector_32     0x9fc01600        0x8 c:/program files (x86)/microchip/xc32/v1.42/bin/bin/../../lib/gcc/pic32mx/4.8.3/../../../../pic32mx/lib\libpic32.a(vector32.o)
                0x9fc01600                __vector_dispatch_32
                0x00000001                ASSERT (((_vector_spacing == 0x0) || (SIZEOF (.vector_32) <= (_vector_spacing << 0x5))), function at exception vector 32 too large)

.vector_33      0x9fc01620        0x8
 *(.vector_33)
 .vector_33     0x9fc01620        0x8 c:/program files (x86)/microchip/xc32/v1.42/bin/bin/../../lib/gcc/pic32mx/4.8.3/../../../../pic32mx/lib\libpic32.a(vector33.o)
                0x9fc01620                __vector_dispatch_33
                0x00000001                ASSERT (((_vector_spacing == 0x0) || (SIZEOF (.vector_33) <= (_vector_spacing << 0x5))), function at exception vector 33 too large)

.vector_34      0x9fc01640        0x8
 *(.vector_34)
 .vector_34     0x9fc01640        0x8 c:/program files (x86)/microchip/xc32/v1.42/bin/bin/../../lib/gcc/pic32mx/4.8.3/../../../../pic32mx/lib\libpic32.a(vector34.o)
                0x9fc01640                __vector_dispatch_34
                0x00000001                ASSERT (((_vector_spacing == 0x0) || (SIZEOF (.vector_34) <= (_vector_spacing << 0x5))), function at exception vector 34 too large)

.vector_35      0x9fc01660        0x8
 *(.vector_35)
 .vector_35     0x9fc01660        0x8 c:/program files (x86)/microchip/xc32/v1.42/bin/bin/../../lib/gcc/pic32mx/4.8.3/../../../../pic32mx/lib\libpic32.a(vector35.o)
                0x9fc01660                __vector_dispatch_35
                0x00000001                ASSERT (((_vector_spacing == 0x0) || (SIZEOF (.vector_35) <= (_vector_spacing << 0x5))), function at exception vector 35 too large)

.vector_36      0x9fc01680        0x8
 *(.vector_36)
 .vector_36     0x9fc01680        0x8 c:/program files (x86)/microchip/xc32/v1.42/bin/bin/../../lib/gcc/pic32mx/4.8.3/../../../../pic32mx/lib\libpic32.a(vector36.o)
                0x9fc01680                __vector_dispatch_36
                0x00000001                ASSERT (((_vector_spacing == 0x0) || (SIZEOF (.vector_36) <= (_vector_spacing << 0x5))), function at exception vector 36 too large)

.vector_37      0x9fc016a0        0x8
 *(.vector_37)
 .vector_37     0x9fc016a0        0x8 c:/program files (x86)/microchip/xc32/v1.42/bin/bin/../../lib/gcc/pic32mx/4.8.3/../../../../pic32mx/lib\libpic32.a(vector37.o)
                0x9fc016a0                __vector_dispatch_37
                0x00000001                ASSERT (((_vector_spacing == 0x0) || (SIZEOF (.vector_37) <= (_vector_spacing << 0x5))), function at exception vector 37 too large)

.vector_38      0x9fc016c0        0x8
 *(.vector_38)
 .vector_38     0x9fc016c0        0x8 c:/program files (x86)/microchip/xc32/v1.42/bin/bin/../../lib/gcc/pic32mx/4.8.3/../../../../pic32mx/lib\libpic32.a(vector38.o)
                0x9fc016c0                __vector_dispatch_38
                0x00000001                ASSERT (((_vector_spacing == 0x0) || (SIZEOF (.vector_38) <= (_vector_spacing << 0x5))), function at exception vector 38 too large)

.vector_39      0x9fc016e0        0x8
 *(.vector_39)
 .vector_39     0x9fc016e0        0x8 c:/program files (x86)/microchip/xc32/v1.42/bin/bin/../../lib/gcc/pic32mx/4.8.3/../../../../pic32mx/lib\libpic32.a(vector39.o)
                0x9fc016e0                __vector_dispatch_39
                0x00000001                ASSERT (((_vector_spacing == 0x0) || (SIZEOF (.vector_39) <= (_vector_spacing << 0x5))), function at exception vector 39 too large)

.vector_40      0x9fc01700        0x8
 *(.vector_40)
 .vector_40     0x9fc01700        0x8 c:/program files (x86)/microchip/xc32/v1.42/bin/bin/../../lib/gcc/pic32mx/4.8.3/../../../../pic32mx/lib\libpic32.a(vector40.o)
                0x9fc01700                __vector_dispatch_40
                0x00000001                ASSERT (((_vector_spacing == 0x0) || (SIZEOF (.vector_40) <= (_vector_spacing << 0x5))), function at exception vector 40 too large)

.vector_41      0x9fc01720        0x8
 *(.vector_41)
 .vector_41     0x9fc01720        0x8 c:/program files (x86)/microchip/xc32/v1.42/bin/bin/../../lib/gcc/pic32mx/4.8.3/../../../../pic32mx/lib\libpic32.a(vector41.o)
                0x9fc01720                __vector_dispatch_41
                0x00000001                ASSERT (((_vector_spacing == 0x0) || (SIZEOF (.vector_41) <= (_vector_spacing << 0x5))), function at exception vector 41 too large)

.vector_42      0x9fc01740        0x8
 *(.vector_42)
 .vector_42     0x9fc01740        0x8 c:/program files (x86)/microchip/xc32/v1.42/bin/bin/../../lib/gcc/pic32mx/4.8.3/../../../../pic32mx/lib\libpic32.a(vector42.o)
                0x9fc01740                __vector_dispatch_42
                0x00000001                ASSERT (((_vector_spacing == 0x0) || (SIZEOF (.vector_42) <= (_vector_spacing << 0x5))), function at exception vector 42 too large)

.vector_43      0x9fc01760        0x8
 *(.vector_43)
 .vector_43     0x9fc01760        0x8 c:/program files (x86)/microchip/xc32/v1.42/bin/bin/../../lib/gcc/pic32mx/4.8.3/../../../../pic32mx/lib\libpic32.a(vector43.o)
                0x9fc01760                __vector_dispatch_43
                0x00000001                ASSERT (((_vector_spacing == 0x0) || (SIZEOF (.vector_43) <= (_vector_spacing << 0x5))), function at exception vector 43 too large)

.vector_44      0x9fc01780        0x8
 *(.vector_44)
 .vector_44     0x9fc01780        0x8 c:/program files (x86)/microchip/xc32/v1.42/bin/bin/../../lib/gcc/pic32mx/4.8.3/../../../../pic32mx/lib\libpic32.a(vector44.o)
                0x9fc01780                __vector_dispatch_44
                0x00000001                ASSERT (((_vector_spacing == 0x0) || (SIZEOF (.vector_44) <= (_vector_spacing << 0x5))), function at exception vector 44 too large)

.vector_45      0x9fc017a0        0x8
 *(.vector_45)
 .vector_45     0x9fc017a0        0x8 c:/program files (x86)/microchip/xc32/v1.42/bin/bin/../../lib/gcc/pic32mx/4.8.3/../../../../pic32mx/lib\libpic32.a(vector45.o)
                0x9fc017a0                __vector_dispatch_45
                0x00000001                ASSERT (((_vector_spacing == 0x0) || (SIZEOF (.vector_45) <= (_vector_spacing << 0x5))), function at exception vector 45 too large)

.vector_46      0x9fc017c0        0x8
 *(.vector_46)
 .vector_46     0x9fc017c0        0x8 c:/program files (x86)/microchip/xc32/v1.42/bin/bin/../../lib/gcc/pic32mx/4.8.3/../../../../pic32mx/lib\libpic32.a(vector46.o)
                0x9fc017c0                __vector_dispatch_46
                0x00000001                ASSERT (((_vector_spacing == 0x0) || (SIZEOF (.vector_46) <= (_vector_spacing << 0x5))), function at exception vector 46 too large)

.vector_47      0x9fc017e0        0x8
 *(.vector_47)
 .vector_47     0x9fc017e0        0x8 c:/program files (x86)/microchip/xc32/v1.42/bin/bin/../../lib/gcc/pic32mx/4.8.3/../../../../pic32mx/lib\libpic32.a(vector47.o)
                0x9fc017e0                __vector_dispatch_47
                0x00000001                ASSERT (((_vector_spacing == 0x0) || (SIZEOF (.vector_47) <= (_vector_spacing << 0x5))), function at exception vector 47 too large)

.vector_48      0x9fc01800        0x8
 *(.vector_48)
 .vector_48     0x9fc01800        0x8 c:/program files (x86)/microchip/xc32/v1.42/bin/bin/../../lib/gcc/pic32mx/4.8.3/../../../../pic32mx/lib\libpic32.a(vector48.o)
                0x9fc01800                __vector_dispatch_48
                0x00000001                ASSERT (((_vector_spacing == 0x0) || (SIZEOF (.vector_48) <= (_vector_spacing << 0x5))), function at exception vector 48 too large)

.vector_49      0x9fc01820        0x8
 *(.vector_49)
 .vector_49     0x9fc01820        0x8 c:/program files (x86)/microchip/xc32/v1.42/bin/bin/../../lib/gcc/pic32mx/4.8.3/../../../../pic32mx/lib\libpic32.a(vector49.o)
                0x9fc01820                __vector_dispatch_49
                0x00000001                ASSERT (((_vector_spacing == 0x0) || (SIZEOF (.vector_49) <= (_vector_spacing << 0x5))), function at exception vector 49 too large)

.vector_50      0x9fc01840        0x8
 *(.vector_50)
 .vector_50     0x9fc01840        0x8 c:/program files (x86)/microchip/xc32/v1.42/bin/bin/../../lib/gcc/pic32mx/4.8.3/../../../../pic32mx/lib\libpic32.a(vector50.o)
                0x9fc01840                __vector_dispatch_50
                0x00000001                ASSERT (((_vector_spacing == 0x0) || (SIZEOF (.vector_50) <= (_vector_spacing << 0x5))), function at exception vector 50 too large)

.vector_51      0x9fc01860        0x8
 *(.vector_51)
 .vector_51     0x9fc01860        0x8 c:/program files (x86)/microchip/xc32/v1.42/bin/bin/../../lib/gcc/pic32mx/4.8.3/../../../../pic32mx/lib\libpic32.a(vector51.o)
                0x9fc01860                __vector_dispatch_51
                0x00000001                ASSERT (((_vector_spacing == 0x0) || (SIZEOF (.vector_51) <= (_vector_spacing << 0x5))), function at exception vector 51 too large)

.vector_52      0x9fc01880        0x0
 *(.vector_52)
                0x00000001                ASSERT (((_vector_spacing == 0x0) || (SIZEOF (.vector_52) <= (_vector_spacing << 0x5))), function at exception vector 52 too large)

.vector_53      0x9fc018a0        0x0
 *(.vector_53)
                0x00000001                ASSERT (((_vector_spacing == 0x0) || (SIZEOF (.vector_53) <= (_vector_spacing << 0x5))), function at exception vector 53 too large)

.vector_54      0x9fc018c0        0x0
 *(.vector_54)
                0x00000001                ASSERT (((_vector_spacing == 0x0) || (SIZEOF (.vector_54) <= (_vector_spacing << 0x5))), function at exception vector 54 too large)

.vector_55      0x9fc018e0        0x0
 *(.vector_55)
                0x00000001                ASSERT (((_vector_spacing == 0x0) || (SIZEOF (.vector_55) <= (_vector_spacing << 0x5))), function at exception vector 55 too large)

.vector_56      0x9fc01900        0x0
 *(.vector_56)
                0x00000001                ASSERT (((_vector_spacing == 0x0) || (SIZEOF (.vector_56) <= (_vector_spacing << 0x5))), function at exception vector 56 too large)

.vector_57      0x9fc01920        0x0
 *(.vector_57)
                0x00000001                ASSERT (((_vector_spacing == 0x0) || (SIZEOF (.vector_57) <= (_vector_spacing << 0x5))), function at exception vector 57 too large)

.vector_58      0x9fc01940        0x0
 *(.vector_58)
                0x00000001                ASSERT (((_vector_spacing == 0x0) || (SIZEOF (.vector_58) <= (_vector_spacing << 0x5))), function at exception vector 58 too large)

.vector_59      0x9fc01960        0x0
 *(.vector_59)
                0x00000001                ASSERT (((_vector_spacing == 0x0) || (SIZEOF (.vector_59) <= (_vector_spacing << 0x5))), function at exception vector 59 too large)

.vector_60      0x9fc01980        0x0
 *(.vector_60)
                0x00000001                ASSERT (((_vector_spacing == 0x0) || (SIZEOF (.vector_60) <= (_vector_spacing << 0x5))), function at exception vector 60 too large)

.vector_61      0x9fc019a0        0x0
 *(.vector_61)
                0x00000001                ASSERT (((_vector_spacing == 0x0) || (SIZEOF (.vector_61) <= (_vector_spacing << 0x5))), function at exception vector 61 too large)

.vector_62      0x9fc019c0        0x0
 *(.vector_62)
                0x00000001                ASSERT (((_vector_spacing == 0x0) || (SIZEOF (.vector_62) <= (_vector_spacing << 0x5))), function at exception vector 62 too large)

.vector_63      0x9fc019e0        0x0
 *(.vector_63)
                0x00000001                ASSERT (((_vector_spacing == 0x0) || (SIZEOF (.vector_63) <= (_vector_spacing << 0x5))), function at exception vector 63 too large)

.startup
 *(.startup)

.text           0x9d000000        0x0
 *(.stub .gnu.linkonce.t.*)
 *(.text.*personality*)
 *(.mips16.fn.*)
 *(.mips16.call.*)
 *(.gnu.warning)
                0x9d000000                . = ALIGN (0x4)

.init           0x9d000000        0x0
 *crti.o(.init)
 *crtbegin.o(.init)
 *(EXCLUDE_FILE(*crtn.o *crtend?.o *crtend.o) .init)
 *crtend.o(.init)
 *crtn.o(.init)
                0x9d000000                . = ALIGN (0x4)

.fini           0x9d000000        0x0
 *(.fini)
                0x9d000000                . = ALIGN (0x4)

.preinit_array  0x9d000000        0x0
                0x9d000000                PROVIDE (__preinit_array_start, .)
 *(.preinit_array)
                0x9d000000                PROVIDE (__preinit_array_end, .)
                0x9d000000                . = ALIGN (0x4)

.init_array     0x9d000000        0x0
                0x9d000000                PROVIDE (__init_array_start, .)
 *(SORT(.init_array.*))
 *(.init_array)
                0x9d000000                PROVIDE (__init_array_end, .)
                0x9d000000                . = ALIGN (0x4)

.fini_array     0x9d000000        0x0
                0x9d000000                PROVIDE (__fini_array_start, .)
 *(SORT(.fini_array.*))
 *(.fini_array)
                0x9d000000                PROVIDE (__fini_array_end, .)
                0x9d000000                . = ALIGN (0x4)

.ctors          0x9d000000        0x0
 *crtbegin.o(.ctors)
 *crtbegin?.o(.ctors)
 *(EXCLUDE_FILE(*crtend?.o *crtend.o) .ctors)
 *(SORT(.ctors.*))
 *(.ctors)
                0x9d000000                . = ALIGN (0x4)

.dtors          0x9d000000        0x0
 *crtbegin.o(.dtors)
 *crtbegin?.o(.dtors)
 *(EXCLUDE_FILE(*crtend?.o *crtend.o) .dtors)
 *(SORT(.dtors.*))
 *(.dtors)
                0x9d000000                . = ALIGN (0x4)

.rodata         0x9d000000        0x0
 *(.gnu.linkonce.r.*)
 *(.rodata1)
                0x9d000000                . = ALIGN (0x4)

.sdata2         0x9fc00490        0x0
 *(.sdata2 .sdata2.* .gnu.linkonce.s2.*)
                0x9fc00490                . = ALIGN (0x4)

.sbss2          0x9fc00490        0x0
 *(.sbss2 .sbss2.* .gnu.linkonce.sb2.*)
                0x9fc00490                . = ALIGN (0x4)

.eh_frame_hdr
 *(.eh_frame_hdr)
                0x9fc00490                . = ALIGN (0x4)

.eh_frame
 *(.eh_frame)
                0x9fc00490                . = ALIGN (0x4)

.gcc_except_table
 *(.gcc_except_table .gcc_except_table.*)
                0x9fc00490                . = ALIGN (0x4)

.dbg_data       0xa0000000        0x0
                0xa0000000                . = (. + DEFINED (_DEBUGGER)?0x200:0x0)

.jcr            0xa0000000        0x0
 *(.jcr)
                0xa0000000                . = ALIGN (0x4)

.eh_frame
 *(.eh_frame)
                0xa0000000                . = ALIGN (0x4)

.gcc_except_table
 *(.gcc_except_table .gcc_except_table.*)
                0xa0000000                . = ALIGN (0x4)

.persist        0xa0000000        0x0
                0xa0000000                _persist_begin = .
 *(.persist .persist.*)
 *(.pbss .pbss.*)
                0xa0000000                . = ALIGN (0x4)
                0xa0000000                _persist_end = .

.data           0xa0000000        0x0
 *(.gnu.linkonce.d.*)
 *(.data1)
                0xa0000000                . = ALIGN (0x4)
                0xa0000000                . = .
                0xa0007ff0                _gp = (ALIGN (0x10) + 0x7ff0)

.got            0xa0000000        0x0
 *(.got.plt)
 *(.got)
                0xa0000000                . = ALIGN (0x4)

.sdata          0xa0000000        0xc
                0xa0000000                _sdata_begin = .
 *(.sdata .sdata.* .gnu.linkonce.s.*)
 .sdata         0xa0000000        0x4 build/default/production/_ext/1360937237/serializer.o
                0xa0000000                g_ID
 .sdata         0xa0000004        0x4 build/default/production/_ext/1463924121/port.o
                0xa0000004                uxInterruptNesting
 .sdata         0xa0000008        0x4 c:/program files (x86)/microchip/xc32/v1.42/bin/bin/../../lib/gcc/pic32mx/4.8.3/../../../../pic32mx/lib\libpic32.a(xc32_uart.o)
                0xa0000008                __XC_UART
                0xa000000c                . = ALIGN (0x4)
                0xa000000c                _sdata_end = .

.lit8
 *(.lit8)

.lit4
 *(.lit4)
                0xa000000c                . = ALIGN (0x4)
                0xa000000c                _data_end = .
                0xa000000c                _bss_begin = .

.sbss           0xa000000c       0xf4
                0xa000000c                _sbss_begin = .
 *(.dynsbss)
 *(.sbss .sbss.* .gnu.linkonce.sb.*)
 .sbss          0xa000000c        0x3 build/default/production/_ext/1407244131/drv_tmr_static.o
 *fill*         0xa000000f        0x1 
 .sbss          0xa0000010        0xc build/default/production/_ext/1688732426/system_exceptions.o
 .sbss          0xa000001c        0x4 build/default/production/_ext/1360937237/serializer.o
                0xa000001c                g_sequenceNumber
 .sbss          0xa0000020        0x8 build/default/production/_ext/1679664506/heap_1.o
 .sbss          0xa0000028        0x4 build/default/production/_ext/1463924121/port.o
                0xa0000028                uxSavedTaskStackPointer
 .sbss          0xa000002c       0x38 build/default/production/_ext/508346365/tasks.o
                0xa0000060                pxCurrentTCB
 *(.scommon)
 .scommon       0xa0000064       0x8c build/default/production/_ext/1047219354/drv_oc_mapping.o
                0xa0000064                gSendCancel
                0xa0000068                gCurrentDirection
                0xa000006c                gPaperDrawingState
                0xa0000070                gMotorSpeed
                0xa0000078                gCurrentPosition
                0xa0000080                gNavigationState
                0xa0000084                status
                0xa0000088                gMessageSendDelay
                0xa000008c                gLeftEncoder
                0xa0000090                MsgQueueProcPicRx
                0xa0000094                gHomePosition
                0xa000009c                coordinate
                0xa00000a2                gDrawMovement
                0xa00000a4                shape
                0xa00000a8                gLineCounter
                0xa00000ac                drawMovementCommand
                0xa00000b4                gRightLeft
                0xa00000b8                gApproachLeave
                0xa00000bc                gIrSensorData
                0xa00000c4                gIrData
                0xa00000c8                gSensorRead
                0xa00000cc                gLines
                0xa00000d0                gState
                0xa00000d4                IRSensorArray
                0xa00000dc                gRightEncoder
                0xa00000e0                MsgQueueProcPicTx
                0xa00000e4                gCurrentTurning
                0xa00000e8                command
                0xa00000ec                gIrClock
 .scommon       0xa00000f0        0x0 build/default/production/_ext/327000265/drv_usart_mapping.o
 .scommon       0xa00000f0        0x4 build/default/production/_ext/327000265/drv_usart_static.o
                0xa00000f0                gDrvUSART0Obj
 .scommon       0xa00000f4        0x0 build/default/production/_ext/327000265/drv_usart_static_byte_model.o
 .scommon       0xa00000f4        0x0 build/default/production/_ext/639803181/sys_clk_static.o
 .scommon       0xa00000f4        0x0 build/default/production/_ext/1688732426/system_init.o
 .scommon       0xa00000f4        0x0 build/default/production/_ext/1688732426/system_interrupt.o
 .scommon       0xa00000f4        0x0 build/default/production/_ext/1688732426/system_exceptions.o
 .scommon       0xa00000f4        0x0 build/default/production/_ext/1688732426/system_tasks.o
 .scommon       0xa00000f4        0x0 build/default/production/_ext/1360937237/debug.o
 .scommon       0xa00000f4        0x4 build/default/production/_ext/1360937237/wifly.o
                0xa00000f4                wiflyData
 .scommon       0xa00000f8        0x0 build/default/production/_ext/1360937237/serializer.o
 .scommon       0xa00000f8        0x0 build/default/production/_ext/1360937237/motors.o
 .scommon       0xa00000f8        0x0 build/default/production/_ext/1360937237/navigation.o
 .scommon       0xa00000f8        0x0 build/default/production/_ext/1360937237/IR_Sensor.o
 .scommon       0xa00000f8        0x8 build/default/production/_ext/91420158/sys_devcon.o
                0xa00000f8                sysDevconObj
                0xa0000100                _sbss_end = .
                0xa0000100                . = ALIGN (0x4)

.bss            0xa0000100      0x11c
 *(.dynbss)
 *(COMMON)
 COMMON         0xa0000100      0x108 build/default/production/_ext/1047219354/drv_oc_mapping.o
                0xa0000100                gReceiveStruct
                0xa000016c                gResult
                0xa0000184                drawArmCommand
                0xa00001e8                gArrayState
 COMMON         0xa0000208       0x14 build/default/production/_ext/1688732426/system_init.o
                0xa0000208                sysObj
                0xa000021c                . = ALIGN ((. != 0x0)?0x4:0x1)
                0xa000021c                . = ALIGN (0x4)
                0xa000021c                _end = .
                0xa000021c                _bss_end = .
                0x00020000                _bmxdudba_address = 0x20000
                0x00020000                _bmxdupba_address = 0x20000

/DISCARD/
 *(.pdr)
 *(.rel.dyn)
 *(.note.GNU-stack)
 *(.note.GNU-stack)
 *(.gnu_debuglink)
 *(.gnu.lto_*)
 *(.discard)

.gptab.sdata
 *(.gptab.data)
 *(.gptab.sdata)

.gptab.sbss
 *(.gptab.bss)
 *(.gptab.sbss)

.mdebug.abi32   0xa000021c        0x0
 *(.mdebug.abi32)
 .mdebug.abi32  0xa000021c        0x0 build/default/production/_ext/1047219354/drv_oc_mapping.o
 .mdebug.abi32  0xa000021c        0x0 build/default/production/_ext/1047219354/drv_oc_static.o
 .mdebug.abi32  0xa000021c        0x0 build/default/production/_ext/1407244131/drv_tmr_static.o
 .mdebug.abi32  0xa000021c        0x0 build/default/production/_ext/1407244131/drv_tmr_mapping.o
 .mdebug.abi32  0xa000021c        0x0 build/default/production/_ext/327000265/drv_usart_mapping.o
 .mdebug.abi32  0xa000021c        0x0 build/default/production/_ext/327000265/drv_usart_static.o
 .mdebug.abi32  0xa000021c        0x0 build/default/production/_ext/327000265/drv_usart_static_byte_model.o
 .mdebug.abi32  0xa000021c        0x0 build/default/production/_ext/639803181/sys_clk_static.o
 .mdebug.abi32  0xa000021c        0x0 build/default/production/_ext/822048611/sys_ports_static.o
 .mdebug.abi32  0xa000021c        0x0 build/default/production/_ext/1688732426/system_init.o
 .mdebug.abi32  0xa000021c        0x0 build/default/production/_ext/1688732426/system_interrupt.o
 .mdebug.abi32  0xa000021c        0x0 build/default/production/_ext/1688732426/system_exceptions.o
 .mdebug.abi32  0xa000021c        0x0 build/default/production/_ext/1688732426/system_tasks.o
 .mdebug.abi32  0xa000021c        0x0 build/default/production/_ext/1688732426/rtos_hooks.o
 .mdebug.abi32  0xa000021c        0x0 build/default/production/_ext/1360937237/debug.o
 .mdebug.abi32  0xa000021c        0x0 build/default/production/_ext/1360937237/wifly.o
 .mdebug.abi32  0xa000021c        0x0 build/default/production/_ext/1360937237/main.o
 .mdebug.abi32  0xa000021c        0x0 build/default/production/_ext/1360937237/serializer.o
 .mdebug.abi32  0xa000021c        0x0 build/default/production/_ext/1360937237/motors.o
 .mdebug.abi32  0xa000021c        0x0 build/default/production/_ext/1360937237/navigation.o
 .mdebug.abi32  0xa000021c        0x0 build/default/production/_ext/1360937237/IR_Sensor.o
 .mdebug.abi32  0xa000021c        0x0 build/default/production/_ext/928989848/osal_freertos.o
 .mdebug.abi32  0xa000021c        0x0 build/default/production/_ext/91420158/sys_devcon.o
 .mdebug.abi32  0xa000021c        0x0 build/default/production/_ext/91420158/sys_devcon_pic32mx.o
 .mdebug.abi32  0xa000021c        0x0 build/default/production/_ext/1973178728/sys_int_pic32.o
 .mdebug.abi32  0xa000021c        0x0 build/default/production/_ext/1679664506/heap_1.o
 .mdebug.abi32  0xa000021c        0x0 build/default/production/_ext/1463924121/port.o
 .mdebug.abi32  0xa000021c        0x0 build/default/production/_ext/508346365/croutine.o
 .mdebug.abi32  0xa000021c        0x0 build/default/production/_ext/508346365/list.o
 .mdebug.abi32  0xa000021c        0x0 build/default/production/_ext/508346365/queue.o
 .mdebug.abi32  0xa000021c        0x0 build/default/production/_ext/508346365/tasks.o
 .mdebug.abi32  0xa000021c        0x0 build/default/production/_ext/508346365/timers.o
 .mdebug.abi32  0xa000021c        0x0 build/default/production/_ext/508346365/event_groups.o
 .mdebug.abi32  0xa000021c        0x0 c:/program files (x86)/microchip/xc32/v1.42/bin/bin/../../lib/gcc/pic32mx/4.8.3/../../../../pic32mx/lib\libpic32.a(default-bootstrap-exception-handler.o)
 .mdebug.abi32  0xa000021c        0x0 c:/program files (x86)/microchip/xc32/v1.42/bin/bin/../../lib/gcc/pic32mx/4.8.3/../../../../pic32mx/lib\libpic32.a(default-on-reset.o)
 .mdebug.abi32  0xa000021c        0x0 c:/program files (x86)/microchip/xc32/v1.42/bin/bin/../../lib/gcc/pic32mx/4.8.3/../../../../pic32mx/lib\libpic32.a(default-on-bootstrap.o)
 .mdebug.abi32  0xa000021c        0x0 c:/program files (x86)/microchip/xc32/v1.42/bin/bin/../../lib/gcc/pic32mx/4.8.3/../../../../pic32mx/lib\libpic32.a(defaultinterrupt.o)
 .mdebug.abi32  0xa000021c        0x0 c:/program files (x86)/microchip/xc32/v1.42/bin/bin/../../lib/gcc/pic32mx/4.8.3/../../../../pic32mx/lib\libc.a(puts.o)
 .mdebug.abi32  0xa000021c        0x0 c:/program files (x86)/microchip/xc32/v1.42/bin/bin/../../lib/gcc/pic32mx/4.8.3/../../../../pic32mx/lib\libc.a(printf_cdnopsuxX.eo)
 .mdebug.abi32  0xa000021c        0x0 c:/program files (x86)/microchip/xc32/v1.42/bin/bin/../../lib/gcc/pic32mx/4.8.3/../../../../pic32mx/lib\libc.a(_iob.o)
 .mdebug.abi32  0xa000021c        0x0 c:/program files (x86)/microchip/xc32/v1.42/bin/bin/../../lib/gcc/pic32mx/4.8.3/../../../../pic32mx/lib\libc.a(_fputc_simple.o)
 .mdebug.abi32  0xa000021c        0x0 c:/program files (x86)/microchip/xc32/v1.42/bin/bin/../../lib/gcc/pic32mx/4.8.3/../../../../pic32mx/lib\libc.a(doprnt_cdnopsuxX.eo)
 .mdebug.abi32  0xa000021c        0x0 c:/program files (x86)/microchip/xc32/v1.42/bin/bin/../../lib/gcc/pic32mx/4.8.3/../../../../pic32mx/lib\libc.a(_flsbuf_simple.o)
 .mdebug.abi32  0xa000021c        0x0 c:/program files (x86)/microchip/xc32/v1.42/bin/bin/../../lib/gcc/pic32mx/4.8.3/../../../../pic32mx/lib\libc.a(ctype.o)
 .mdebug.abi32  0xa000021c        0x0 c:/program files (x86)/microchip/xc32/v1.42/bin/bin/../../lib/gcc/pic32mx/4.8.3/../../../../pic32mx/lib\libpic32.a(write.o)
 .mdebug.abi32  0xa000021c        0x0 c:/program files (x86)/microchip/xc32/v1.42/bin/bin/../../lib/gcc/pic32mx/4.8.3/../../../../pic32mx/lib\libpic32.a(_mon_putc.o)
 .mdebug.abi32  0xa000021c        0x0 c:/program files (x86)/microchip/xc32/v1.42/bin/bin/../../lib/gcc/pic32mx/4.8.3/../../../../pic32mx/lib\libpic32.a(xc32_uart.o)
 .mdebug.abi32  0xa000021c        0x0 c:/program files (x86)/microchip/xc32/v1.42/bin/bin/../../lib/gcc/pic32mx/4.8.3\libgcc.a(_udivdi3.o)
 .mdebug.abi32  0xa000021c        0x0 c:/program files (x86)/microchip/xc32/v1.42/bin/bin/../../lib/gcc/pic32mx/4.8.3\libgcc.a(_umoddi3.o)

.mdebug.abiN32
 *(.mdebug.abiN32)

.mdebug.abi64
 *(.mdebug.abi64)

.mdebug.abiO64
 *(.mdebug.abiO64)

.mdebug.eabi32
 *(.mdebug.eabi32)

.mdebug.eabi64
 *(.mdebug.eabi64)

.gcc_compiled_long32
 *(.gcc_compiled_long32)

.gcc_compiled_long64
 *(.gcc_compiled_long64)

.stab
 *(.stab)

.stabstr
 *(.stabstr)

.stab.excl
 *(.stab.excl)

.stab.exclstr
 *(.stab.exclstr)

.stab.index
 *(.stab.index)

.stab.indexstr
 *(.stab.indexstr)

.comment        0x00000000       0xa2
 *(.comment)
 .comment       0x00000000       0x3c build/default/production/_ext/1047219354/drv_oc_mapping.o
                                 0x3d (size before relaxing)
 .comment       0x00000000       0x3d build/default/production/_ext/1047219354/drv_oc_static.o
 .comment       0x00000000       0x3d build/default/production/_ext/1407244131/drv_tmr_static.o
 .comment       0x00000000       0x3d build/default/production/_ext/1407244131/drv_tmr_mapping.o
 .comment       0x00000000       0x3d build/default/production/_ext/327000265/drv_usart_mapping.o
 .comment       0x00000000       0x3d build/default/production/_ext/327000265/drv_usart_static.o
 .comment       0x00000000       0x3d build/default/production/_ext/327000265/drv_usart_static_byte_model.o
 .comment       0x00000000       0x3d build/default/production/_ext/639803181/sys_clk_static.o
 .comment       0x00000000       0x3d build/default/production/_ext/822048611/sys_ports_static.o
 .comment       0x00000000       0x3d build/default/production/_ext/1688732426/system_init.o
 .comment       0x00000000       0x3d build/default/production/_ext/1688732426/system_interrupt.o
 .comment       0x00000000       0x3d build/default/production/_ext/1688732426/system_exceptions.o
 .comment       0x00000000       0x3d build/default/production/_ext/1688732426/system_tasks.o
 .comment       0x00000000       0x3d build/default/production/_ext/1688732426/rtos_hooks.o
 .comment       0x00000000       0x3d build/default/production/_ext/1360937237/debug.o
 .comment       0x00000000       0x3d build/default/production/_ext/1360937237/wifly.o
 .comment       0x00000000       0x3d build/default/production/_ext/1360937237/main.o
 .comment       0x00000000       0x3d build/default/production/_ext/1360937237/serializer.o
 .comment       0x00000000       0x3d build/default/production/_ext/1360937237/motors.o
 .comment       0x00000000       0x3d build/default/production/_ext/1360937237/navigation.o
 .comment       0x00000000       0x3d build/default/production/_ext/1360937237/IR_Sensor.o
 .comment       0x00000000       0x3d build/default/production/_ext/928989848/osal_freertos.o
 .comment       0x00000000       0x3d build/default/production/_ext/91420158/sys_devcon.o
 .comment       0x00000000       0x3d build/default/production/_ext/91420158/sys_devcon_pic32mx.o
 .comment       0x00000000       0x3d build/default/production/_ext/1973178728/sys_int_pic32.o
 .comment       0x00000000       0x3d build/default/production/_ext/1679664506/heap_1.o
 .comment       0x00000000       0x3d build/default/production/_ext/1463924121/port.o
 .comment       0x00000000       0x3d build/default/production/_ext/508346365/croutine.o
 .comment       0x00000000       0x3d build/default/production/_ext/508346365/list.o
 .comment       0x00000000       0x3d build/default/production/_ext/508346365/queue.o
 .comment       0x00000000       0x3d build/default/production/_ext/508346365/tasks.o
 .comment       0x00000000       0x3d build/default/production/_ext/508346365/timers.o
 .comment       0x00000000       0x3d build/default/production/_ext/508346365/event_groups.o
 .comment       0x0000003c       0x18 c:/program files (x86)/microchip/xc32/v1.42/bin/bin/../../lib/gcc/pic32mx/4.8.3/../../../../pic32mx/lib\libpic32.a(memset.o)
                                 0x19 (size before relaxing)
 .comment       0x00000000       0x3d c:/program files (x86)/microchip/xc32/v1.42/bin/bin/../../lib/gcc/pic32mx/4.8.3/../../../../pic32mx/lib\libpic32.a(default-bootstrap-exception-handler.o)
 .comment       0x00000000       0x3d c:/program files (x86)/microchip/xc32/v1.42/bin/bin/../../lib/gcc/pic32mx/4.8.3/../../../../pic32mx/lib\libpic32.a(default-on-reset.o)
 .comment       0x00000000       0x3d c:/program files (x86)/microchip/xc32/v1.42/bin/bin/../../lib/gcc/pic32mx/4.8.3/../../../../pic32mx/lib\libpic32.a(default-on-bootstrap.o)
 .comment       0x00000000       0x3d c:/program files (x86)/microchip/xc32/v1.42/bin/bin/../../lib/gcc/pic32mx/4.8.3/../../../../pic32mx/lib\libpic32.a(defaultinterrupt.o)
 .comment       0x00000000       0x3d c:/program files (x86)/microchip/xc32/v1.42/bin/bin/../../lib/gcc/pic32mx/4.8.3/../../../../pic32mx/lib\libc.a(puts.o)
 .comment       0x00000000       0x3d c:/program files (x86)/microchip/xc32/v1.42/bin/bin/../../lib/gcc/pic32mx/4.8.3/../../../../pic32mx/lib\libc.a(printf_cdnopsuxX.eo)
 .comment       0x00000000       0x3d c:/program files (x86)/microchip/xc32/v1.42/bin/bin/../../lib/gcc/pic32mx/4.8.3/../../../../pic32mx/lib\libc.a(_iob.o)
 .comment       0x00000000       0x3d c:/program files (x86)/microchip/xc32/v1.42/bin/bin/../../lib/gcc/pic32mx/4.8.3/../../../../pic32mx/lib\libc.a(_fputc_simple.o)
 .comment       0x00000000       0x3d c:/program files (x86)/microchip/xc32/v1.42/bin/bin/../../lib/gcc/pic32mx/4.8.3/../../../../pic32mx/lib\libc.a(doprnt_cdnopsuxX.eo)
 .comment       0x00000000       0x3d c:/program files (x86)/microchip/xc32/v1.42/bin/bin/../../lib/gcc/pic32mx/4.8.3/../../../../pic32mx/lib\libc.a(_flsbuf_simple.o)
 .comment       0x00000054       0x4e c:/program files (x86)/microchip/xc32/v1.42/bin/bin/../../lib/gcc/pic32mx/4.8.3/../../../../pic32mx/lib\libc.a(ctype.o)
                                 0x8b (size before relaxing)
 .comment       0x00000000       0x3d c:/program files (x86)/microchip/xc32/v1.42/bin/bin/../../lib/gcc/pic32mx/4.8.3/../../../../pic32mx/lib\libpic32.a(write.o)
 .comment       0x00000000       0x3d c:/program files (x86)/microchip/xc32/v1.42/bin/bin/../../lib/gcc/pic32mx/4.8.3/../../../../pic32mx/lib\libpic32.a(_mon_putc.o)
 .comment       0x00000000       0x3d c:/program files (x86)/microchip/xc32/v1.42/bin/bin/../../lib/gcc/pic32mx/4.8.3/../../../../pic32mx/lib\libpic32.a(xc32_uart.o)
 .comment       0x00000000       0x3d c:/program files (x86)/microchip/xc32/v1.42/bin/bin/../../lib/gcc/pic32mx/4.8.3\libgcc.a(_udivdi3.o)
 .comment       0x00000000       0x3d c:/program files (x86)/microchip/xc32/v1.42/bin/bin/../../lib/gcc/pic32mx/4.8.3\libgcc.a(_umoddi3.o)

.debug
 *(.debug)

.line
 *(.line)

.debug_srcinfo
 *(.debug_srcinfo)

.debug_sfnames
 *(.debug_sfnames)

.debug_aranges  0x00000000     0x1058
 *(.debug_aranges)
 .debug_aranges
                0x00000000       0x38 build/default/production/_ext/1047219354/drv_oc_mapping.o
 .debug_aranges
                0x00000038       0x78 build/default/production/_ext/1047219354/drv_oc_static.o
 .debug_aranges
                0x000000b0      0x1f8 build/default/production/_ext/1407244131/drv_tmr_static.o
 .debug_aranges
                0x000002a8       0xc8 build/default/production/_ext/1407244131/drv_tmr_mapping.o
 .debug_aranges
                0x00000370       0xa8 build/default/production/_ext/327000265/drv_usart_mapping.o
 .debug_aranges
                0x00000418       0x78 build/default/production/_ext/327000265/drv_usart_static.o
 .debug_aranges
                0x00000490       0x48 build/default/production/_ext/327000265/drv_usart_static_byte_model.o
 .debug_aranges
                0x000004d8       0x50 build/default/production/_ext/639803181/sys_clk_static.o
 .debug_aranges
                0x00000528      0x108 build/default/production/_ext/822048611/sys_ports_static.o
 .debug_aranges
                0x00000630       0x20 build/default/production/_ext/1688732426/system_init.o
 .debug_aranges
                0x00000650       0x38 build/default/production/_ext/1688732426/system_interrupt.o
 .debug_aranges
                0x00000688       0x20 build/default/production/_ext/1688732426/system_exceptions.o
 .debug_aranges
                0x000006a8       0x30 build/default/production/_ext/1688732426/system_tasks.o
 .debug_aranges
                0x000006d8       0x58 build/default/production/_ext/1688732426/system_interrupt_a.o
 .debug_aranges
                0x00000730       0x28 build/default/production/_ext/1688732426/rtos_hooks.o
 .debug_aranges
                0x00000758       0x28 build/default/production/_ext/1360937237/debug.o
 .debug_aranges
                0x00000780       0x90 build/default/production/_ext/1360937237/wifly.o
 .debug_aranges
                0x00000810       0x20 build/default/production/_ext/1360937237/main.o
 .debug_aranges
                0x00000830       0x88 build/default/production/_ext/1360937237/serializer.o
 .debug_aranges
                0x000008b8       0x68 build/default/production/_ext/1360937237/motors.o
 .debug_aranges
                0x00000920       0x20 build/default/production/_ext/1360937237/navigation.o
 .debug_aranges
                0x00000940       0x68 build/default/production/_ext/1360937237/IR_Sensor.o
 .debug_aranges
                0x000009a8       0x88 build/default/production/_ext/928989848/osal_freertos.o
 .debug_aranges
                0x00000a30       0x78 build/default/production/_ext/91420158/sys_devcon.o
 .debug_aranges
                0x00000aa8       0x20 build/default/production/_ext/91420158/sys_devcon_pic32mx.o
 .debug_aranges
                0x00000ac8       0x48 build/default/production/_ext/1973178728/sys_int_pic32.o
 .debug_aranges
                0x00000b10       0x38 build/default/production/_ext/1679664506/heap_1.o
 .debug_aranges
                0x00000b48       0x58 build/default/production/_ext/1463924121/port.o
 .debug_aranges
                0x00000ba0       0x20 build/default/production/_ext/1463924121/port_asm.o
 .debug_aranges
                0x00000bc0       0x18 build/default/production/_ext/508346365/croutine.o
 .debug_aranges
                0x00000bd8       0x40 build/default/production/_ext/508346365/list.o
 .debug_aranges
                0x00000c18       0xb0 build/default/production/_ext/508346365/queue.o
 .debug_aranges
                0x00000cc8      0x170 build/default/production/_ext/508346365/tasks.o
 .debug_aranges
                0x00000e38       0x18 build/default/production/_ext/508346365/timers.o
 .debug_aranges
                0x00000e50       0x60 build/default/production/_ext/508346365/event_groups.o
 .debug_aranges
                0x00000eb0       0x20 c:/program files (x86)/microchip/xc32/v1.42/bin/bin/../../lib/gcc/pic32mx/4.8.3/../../../../pic32mx/lib\libpic32.a(default-bootstrap-exception-handler.o)
 .debug_aranges
                0x00000ed0       0x20 c:/program files (x86)/microchip/xc32/v1.42/bin/bin/../../lib/gcc/pic32mx/4.8.3/../../../../pic32mx/lib\libpic32.a(default-on-reset.o)
 .debug_aranges
                0x00000ef0       0x20 c:/program files (x86)/microchip/xc32/v1.42/bin/bin/../../lib/gcc/pic32mx/4.8.3/../../../../pic32mx/lib\libpic32.a(default-on-bootstrap.o)
 .debug_aranges
                0x00000f10       0x20 c:/program files (x86)/microchip/xc32/v1.42/bin/bin/../../lib/gcc/pic32mx/4.8.3/../../../../pic32mx/lib\libpic32.a(defaultinterrupt.o)
 .debug_aranges
                0x00000f30       0x28 c:/program files (x86)/microchip/xc32/v1.42/bin/bin/../../lib/gcc/pic32mx/4.8.3/../../../../pic32mx/lib\libc.a(puts.o)
 .debug_aranges
                0x00000f58       0x20 c:/program files (x86)/microchip/xc32/v1.42/bin/bin/../../lib/gcc/pic32mx/4.8.3/../../../../pic32mx/lib\libc.a(printf_cdnopsuxX.eo)
 .debug_aranges
                0x00000f78       0x20 c:/program files (x86)/microchip/xc32/v1.42/bin/bin/../../lib/gcc/pic32mx/4.8.3/../../../../pic32mx/lib\libc.a(_fputc_simple.o)
 .debug_aranges
                0x00000f98       0x20 c:/program files (x86)/microchip/xc32/v1.42/bin/bin/../../lib/gcc/pic32mx/4.8.3/../../../../pic32mx/lib\libc.a(doprnt_cdnopsuxX.eo)
 .debug_aranges
                0x00000fb8       0x20 c:/program files (x86)/microchip/xc32/v1.42/bin/bin/../../lib/gcc/pic32mx/4.8.3/../../../../pic32mx/lib\libc.a(_flsbuf_simple.o)
 .debug_aranges
                0x00000fd8       0x20 c:/program files (x86)/microchip/xc32/v1.42/bin/bin/../../lib/gcc/pic32mx/4.8.3/../../../../pic32mx/lib\libpic32.a(write.o)
 .debug_aranges
                0x00000ff8       0x20 c:/program files (x86)/microchip/xc32/v1.42/bin/bin/../../lib/gcc/pic32mx/4.8.3/../../../../pic32mx/lib\libpic32.a(_mon_putc.o)
 .debug_aranges
                0x00001018       0x20 c:/program files (x86)/microchip/xc32/v1.42/bin/bin/../../lib/gcc/pic32mx/4.8.3\libgcc.a(_udivdi3.o)
 .debug_aranges
                0x00001038       0x20 c:/program files (x86)/microchip/xc32/v1.42/bin/bin/../../lib/gcc/pic32mx/4.8.3\libgcc.a(_umoddi3.o)

.debug_pubnames
 *(.debug_pubnames)

.debug_info     0x00000000    0x37847
 *(.debug_info .gnu.linkonce.wi.*)
 .debug_info    0x00000000     0x17c9 build/default/production/_ext/1047219354/drv_oc_mapping.o
 .debug_info    0x000017c9     0x10ef build/default/production/_ext/1047219354/drv_oc_static.o
 .debug_info    0x000028b8     0x53ad build/default/production/_ext/1407244131/drv_tmr_static.o
 .debug_info    0x00007c65     0x180d build/default/production/_ext/1407244131/drv_tmr_mapping.o
 .debug_info    0x00009472     0x2342 build/default/production/_ext/327000265/drv_usart_mapping.o
 .debug_info    0x0000b7b4     0x4420 build/default/production/_ext/327000265/drv_usart_static.o
 .debug_info    0x0000fbd4     0x27c3 build/default/production/_ext/327000265/drv_usart_static_byte_model.o
 .debug_info    0x00012397     0x20f4 build/default/production/_ext/639803181/sys_clk_static.o
 .debug_info    0x0001448b     0x3e6d build/default/production/_ext/822048611/sys_ports_static.o
 .debug_info    0x000182f8     0x2288 build/default/production/_ext/1688732426/system_init.o
 .debug_info    0x0001a580     0x23fa build/default/production/_ext/1688732426/system_interrupt.o
 .debug_info    0x0001c97a     0x1487 build/default/production/_ext/1688732426/system_exceptions.o
 .debug_info    0x0001de01     0x174a build/default/production/_ext/1688732426/system_tasks.o
 .debug_info    0x0001f54b       0xbd build/default/production/_ext/1688732426/system_interrupt_a.o
 .debug_info    0x0001f608      0x273 build/default/production/_ext/1688732426/rtos_hooks.o
 .debug_info    0x0001f87b     0x1851 build/default/production/_ext/1360937237/debug.o
 .debug_info    0x000210cc     0x3795 build/default/production/_ext/1360937237/wifly.o
 .debug_info    0x00024861      0x1cb build/default/production/_ext/1360937237/main.o
 .debug_info    0x00024a2c      0xe69 build/default/production/_ext/1360937237/serializer.o
 .debug_info    0x00025895     0x26c5 build/default/production/_ext/1360937237/motors.o
 .debug_info    0x00027f5a     0x140e build/default/production/_ext/1360937237/navigation.o
 .debug_info    0x00029368     0x1ff1 build/default/production/_ext/1360937237/IR_Sensor.o
 .debug_info    0x0002b359      0xad6 build/default/production/_ext/928989848/osal_freertos.o
 .debug_info    0x0002be2f     0x1196 build/default/production/_ext/91420158/sys_devcon.o
 .debug_info    0x0002cfc5      0xd87 build/default/production/_ext/91420158/sys_devcon_pic32mx.o
 .debug_info    0x0002dd4c     0x15ee build/default/production/_ext/1973178728/sys_int_pic32.o
 .debug_info    0x0002f33a      0x3bd build/default/production/_ext/1679664506/heap_1.o
 .debug_info    0x0002f6f7     0x11e6 build/default/production/_ext/1463924121/port.o
 .debug_info    0x000308dd      0x105 build/default/production/_ext/1463924121/port_asm.o
 .debug_info    0x000309e2      0x1b7 build/default/production/_ext/508346365/croutine.o
 .debug_info    0x00030b99      0x4a7 build/default/production/_ext/508346365/list.o
 .debug_info    0x00031040     0x1777 build/default/production/_ext/508346365/queue.o
 .debug_info    0x000327b7     0x2912 build/default/production/_ext/508346365/tasks.o
 .debug_info    0x000350c9      0x1b5 build/default/production/_ext/508346365/timers.o
 .debug_info    0x0003527e      0xd89 build/default/production/_ext/508346365/event_groups.o
 .debug_info    0x00036007       0xf5 c:/program files (x86)/microchip/xc32/v1.42/bin/bin/../../lib/gcc/pic32mx/4.8.3/../../../../pic32mx/lib\libpic32.a(default-bootstrap-exception-handler.o)
 .debug_info    0x000360fc       0xcf c:/program files (x86)/microchip/xc32/v1.42/bin/bin/../../lib/gcc/pic32mx/4.8.3/../../../../pic32mx/lib\libpic32.a(default-on-reset.o)
 .debug_info    0x000361cb       0xd7 c:/program files (x86)/microchip/xc32/v1.42/bin/bin/../../lib/gcc/pic32mx/4.8.3/../../../../pic32mx/lib\libpic32.a(default-on-bootstrap.o)
 .debug_info    0x000362a2       0xe9 c:/program files (x86)/microchip/xc32/v1.42/bin/bin/../../lib/gcc/pic32mx/4.8.3/../../../../pic32mx/lib\libpic32.a(defaultinterrupt.o)
 .debug_info    0x0003638b       0xd9 c:/program files (x86)/microchip/xc32/v1.42/bin/bin/../../lib/gcc/pic32mx/4.8.3/../../../../pic32mx/lib\libc.a(puts.o)
 .debug_info    0x00036464       0xd3 c:/program files (x86)/microchip/xc32/v1.42/bin/bin/../../lib/gcc/pic32mx/4.8.3/../../../../pic32mx/lib\libc.a(printf_cdnopsuxX.eo)
 .debug_info    0x00036537       0xc6 c:/program files (x86)/microchip/xc32/v1.42/bin/bin/../../lib/gcc/pic32mx/4.8.3/../../../../pic32mx/lib\libc.a(_fputc_simple.o)
 .debug_info    0x000365fd       0xd6 c:/program files (x86)/microchip/xc32/v1.42/bin/bin/../../lib/gcc/pic32mx/4.8.3/../../../../pic32mx/lib\libc.a(doprnt_cdnopsuxX.eo)
 .debug_info    0x000366d3       0xc9 c:/program files (x86)/microchip/xc32/v1.42/bin/bin/../../lib/gcc/pic32mx/4.8.3/../../../../pic32mx/lib\libc.a(_flsbuf_simple.o)
 .debug_info    0x0003679c       0xc0 c:/program files (x86)/microchip/xc32/v1.42/bin/bin/../../lib/gcc/pic32mx/4.8.3/../../../../pic32mx/lib\libpic32.a(write.o)
 .debug_info    0x0003685c       0xc8 c:/program files (x86)/microchip/xc32/v1.42/bin/bin/../../lib/gcc/pic32mx/4.8.3/../../../../pic32mx/lib\libpic32.a(_mon_putc.o)
 .debug_info    0x00036924      0x773 c:/program files (x86)/microchip/xc32/v1.42/bin/bin/../../lib/gcc/pic32mx/4.8.3\libgcc.a(_udivdi3.o)
 .debug_info    0x00037097      0x7b0 c:/program files (x86)/microchip/xc32/v1.42/bin/bin/../../lib/gcc/pic32mx/4.8.3\libgcc.a(_umoddi3.o)

.debug_abbrev   0x00000000     0x4aaf
 *(.debug_abbrev)
 .debug_abbrev  0x00000000      0x1dc build/default/production/_ext/1047219354/drv_oc_mapping.o
 .debug_abbrev  0x000001dc      0x157 build/default/production/_ext/1047219354/drv_oc_static.o
 .debug_abbrev  0x00000333      0x413 build/default/production/_ext/1407244131/drv_tmr_static.o
 .debug_abbrev  0x00000746      0x259 build/default/production/_ext/1407244131/drv_tmr_mapping.o
 .debug_abbrev  0x0000099f      0x2b4 build/default/production/_ext/327000265/drv_usart_mapping.o
 .debug_abbrev  0x00000c53      0x3f2 build/default/production/_ext/327000265/drv_usart_static.o
 .debug_abbrev  0x00001045      0x2cc build/default/production/_ext/327000265/drv_usart_static_byte_model.o
 .debug_abbrev  0x00001311      0x2ff build/default/production/_ext/639803181/sys_clk_static.o
 .debug_abbrev  0x00001610      0x22b build/default/production/_ext/822048611/sys_ports_static.o
 .debug_abbrev  0x0000183b      0x311 build/default/production/_ext/1688732426/system_init.o
 .debug_abbrev  0x00001b4c      0x2b0 build/default/production/_ext/1688732426/system_interrupt.o
 .debug_abbrev  0x00001dfc      0x144 build/default/production/_ext/1688732426/system_exceptions.o
 .debug_abbrev  0x00001f40      0x1bc build/default/production/_ext/1688732426/system_tasks.o
 .debug_abbrev  0x000020fc       0x12 build/default/production/_ext/1688732426/system_interrupt_a.o
 .debug_abbrev  0x0000210e       0x97 build/default/production/_ext/1688732426/rtos_hooks.o
 .debug_abbrev  0x000021a5      0x1a9 build/default/production/_ext/1360937237/debug.o
 .debug_abbrev  0x0000234e      0x450 build/default/production/_ext/1360937237/wifly.o
 .debug_abbrev  0x0000279e       0x93 build/default/production/_ext/1360937237/main.o
 .debug_abbrev  0x00002831      0x230 build/default/production/_ext/1360937237/serializer.o
 .debug_abbrev  0x00002a61      0x24f build/default/production/_ext/1360937237/motors.o
 .debug_abbrev  0x00002cb0      0x136 build/default/production/_ext/1360937237/navigation.o
 .debug_abbrev  0x00002de6      0x2e9 build/default/production/_ext/1360937237/IR_Sensor.o
 .debug_abbrev  0x000030cf      0x1fe build/default/production/_ext/928989848/osal_freertos.o
 .debug_abbrev  0x000032cd      0x26d build/default/production/_ext/91420158/sys_devcon.o
 .debug_abbrev  0x0000353a      0x16d build/default/production/_ext/91420158/sys_devcon_pic32mx.o
 .debug_abbrev  0x000036a7      0x1d0 build/default/production/_ext/1973178728/sys_int_pic32.o
 .debug_abbrev  0x00003877      0x13f build/default/production/_ext/1679664506/heap_1.o
 .debug_abbrev  0x000039b6      0x2cf build/default/production/_ext/1463924121/port.o
 .debug_abbrev  0x00003c85       0x14 build/default/production/_ext/1463924121/port_asm.o
 .debug_abbrev  0x00003c99       0x1b build/default/production/_ext/508346365/croutine.o
 .debug_abbrev  0x00003cb4       0xf1 build/default/production/_ext/508346365/list.o
 .debug_abbrev  0x00003da5      0x2c4 build/default/production/_ext/508346365/queue.o
 .debug_abbrev  0x00004069      0x35a build/default/production/_ext/508346365/tasks.o
 .debug_abbrev  0x000043c3       0x1b build/default/production/_ext/508346365/timers.o
 .debug_abbrev  0x000043de      0x29a build/default/production/_ext/508346365/event_groups.o
 .debug_abbrev  0x00004678       0x28 c:/program files (x86)/microchip/xc32/v1.42/bin/bin/../../lib/gcc/pic32mx/4.8.3/../../../../pic32mx/lib\libpic32.a(default-bootstrap-exception-handler.o)
 .debug_abbrev  0x000046a0       0x28 c:/program files (x86)/microchip/xc32/v1.42/bin/bin/../../lib/gcc/pic32mx/4.8.3/../../../../pic32mx/lib\libpic32.a(default-on-reset.o)
 .debug_abbrev  0x000046c8       0x28 c:/program files (x86)/microchip/xc32/v1.42/bin/bin/../../lib/gcc/pic32mx/4.8.3/../../../../pic32mx/lib\libpic32.a(default-on-bootstrap.o)
 .debug_abbrev  0x000046f0       0x28 c:/program files (x86)/microchip/xc32/v1.42/bin/bin/../../lib/gcc/pic32mx/4.8.3/../../../../pic32mx/lib\libpic32.a(defaultinterrupt.o)
 .debug_abbrev  0x00004718       0x28 c:/program files (x86)/microchip/xc32/v1.42/bin/bin/../../lib/gcc/pic32mx/4.8.3/../../../../pic32mx/lib\libc.a(puts.o)
 .debug_abbrev  0x00004740       0x28 c:/program files (x86)/microchip/xc32/v1.42/bin/bin/../../lib/gcc/pic32mx/4.8.3/../../../../pic32mx/lib\libc.a(printf_cdnopsuxX.eo)
 .debug_abbrev  0x00004768       0x28 c:/program files (x86)/microchip/xc32/v1.42/bin/bin/../../lib/gcc/pic32mx/4.8.3/../../../../pic32mx/lib\libc.a(_fputc_simple.o)
 .debug_abbrev  0x00004790       0x28 c:/program files (x86)/microchip/xc32/v1.42/bin/bin/../../lib/gcc/pic32mx/4.8.3/../../../../pic32mx/lib\libc.a(doprnt_cdnopsuxX.eo)
 .debug_abbrev  0x000047b8       0x28 c:/program files (x86)/microchip/xc32/v1.42/bin/bin/../../lib/gcc/pic32mx/4.8.3/../../../../pic32mx/lib\libc.a(_flsbuf_simple.o)
 .debug_abbrev  0x000047e0       0x28 c:/program files (x86)/microchip/xc32/v1.42/bin/bin/../../lib/gcc/pic32mx/4.8.3/../../../../pic32mx/lib\libpic32.a(write.o)
 .debug_abbrev  0x00004808       0x28 c:/program files (x86)/microchip/xc32/v1.42/bin/bin/../../lib/gcc/pic32mx/4.8.3/../../../../pic32mx/lib\libpic32.a(_mon_putc.o)
 .debug_abbrev  0x00004830      0x138 c:/program files (x86)/microchip/xc32/v1.42/bin/bin/../../lib/gcc/pic32mx/4.8.3\libgcc.a(_udivdi3.o)
 .debug_abbrev  0x00004968      0x147 c:/program files (x86)/microchip/xc32/v1.42/bin/bin/../../lib/gcc/pic32mx/4.8.3\libgcc.a(_umoddi3.o)

.debug_line     0x00000000     0xa1ea
 *(.debug_line)
 .debug_line    0x00000000      0x434 build/default/production/_ext/1047219354/drv_oc_mapping.o
 .debug_line    0x00000434      0x435 build/default/production/_ext/1047219354/drv_oc_static.o
 .debug_line    0x00000869      0xcfa build/default/production/_ext/1407244131/drv_tmr_static.o
 .debug_line    0x00001563      0x55f build/default/production/_ext/1407244131/drv_tmr_mapping.o
 .debug_line    0x00001ac2      0x5c9 build/default/production/_ext/327000265/drv_usart_mapping.o
 .debug_line    0x0000208b      0x932 build/default/production/_ext/327000265/drv_usart_static.o
 .debug_line    0x000029bd      0x5dd build/default/production/_ext/327000265/drv_usart_static_byte_model.o
 .debug_line    0x00002f9a      0x5c7 build/default/production/_ext/639803181/sys_clk_static.o
 .debug_line    0x00003561      0x7ed build/default/production/_ext/822048611/sys_ports_static.o
 .debug_line    0x00003d4e      0x737 build/default/production/_ext/1688732426/system_init.o
 .debug_line    0x00004485      0x4dc build/default/production/_ext/1688732426/system_interrupt.o
 .debug_line    0x00004961      0x2ea build/default/production/_ext/1688732426/system_exceptions.o
 .debug_line    0x00004c4b      0x42d build/default/production/_ext/1688732426/system_tasks.o
 .debug_line    0x00005078       0xf9 build/default/production/_ext/1688732426/system_interrupt_a.o
 .debug_line    0x00005171      0x162 build/default/production/_ext/1688732426/rtos_hooks.o
 .debug_line    0x000052d3      0x37b build/default/production/_ext/1360937237/debug.o
 .debug_line    0x0000564e      0x908 build/default/production/_ext/1360937237/wifly.o
 .debug_line    0x00005f56       0xd7 build/default/production/_ext/1360937237/main.o
 .debug_line    0x0000602d      0x312 build/default/production/_ext/1360937237/serializer.o
 .debug_line    0x0000633f      0x6aa build/default/production/_ext/1360937237/motors.o
 .debug_line    0x000069e9      0x286 build/default/production/_ext/1360937237/navigation.o
 .debug_line    0x00006c6f      0x538 build/default/production/_ext/1360937237/IR_Sensor.o
 .debug_line    0x000071a7      0x2c4 build/default/production/_ext/928989848/osal_freertos.o
 .debug_line    0x0000746b      0x5e7 build/default/production/_ext/91420158/sys_devcon.o
 .debug_line    0x00007a52      0x48f build/default/production/_ext/91420158/sys_devcon_pic32mx.o
 .debug_line    0x00007ee1      0x39e build/default/production/_ext/1973178728/sys_int_pic32.o
 .debug_line    0x0000827f      0x220 build/default/production/_ext/1679664506/heap_1.o
 .debug_line    0x0000849f      0x240 build/default/production/_ext/1463924121/port.o
 .debug_line    0x000086df      0x129 build/default/production/_ext/1463924121/port_asm.o
 .debug_line    0x00008808       0x1d build/default/production/_ext/508346365/croutine.o
 .debug_line    0x00008825      0x1e5 build/default/production/_ext/508346365/list.o
 .debug_line    0x00008a0a      0x48f build/default/production/_ext/508346365/queue.o
 .debug_line    0x00008e99      0x7d8 build/default/production/_ext/508346365/tasks.o
 .debug_line    0x00009671       0x1d build/default/production/_ext/508346365/timers.o
 .debug_line    0x0000968e      0x32a build/default/production/_ext/508346365/event_groups.o
 .debug_line    0x000099b8       0xa9 c:/program files (x86)/microchip/xc32/v1.42/bin/bin/../../lib/gcc/pic32mx/4.8.3/../../../../pic32mx/lib\libpic32.a(default-bootstrap-exception-handler.o)
 .debug_line    0x00009a61       0x96 c:/program files (x86)/microchip/xc32/v1.42/bin/bin/../../lib/gcc/pic32mx/4.8.3/../../../../pic32mx/lib\libpic32.a(default-on-reset.o)
 .debug_line    0x00009af7       0x9a c:/program files (x86)/microchip/xc32/v1.42/bin/bin/../../lib/gcc/pic32mx/4.8.3/../../../../pic32mx/lib\libpic32.a(default-on-bootstrap.o)
 .debug_line    0x00009b91       0xa8 c:/program files (x86)/microchip/xc32/v1.42/bin/bin/../../lib/gcc/pic32mx/4.8.3/../../../../pic32mx/lib\libpic32.a(defaultinterrupt.o)
 .debug_line    0x00009c39       0x80 c:/program files (x86)/microchip/xc32/v1.42/bin/bin/../../lib/gcc/pic32mx/4.8.3/../../../../pic32mx/lib\libc.a(puts.o)
 .debug_line    0x00009cb9       0x82 c:/program files (x86)/microchip/xc32/v1.42/bin/bin/../../lib/gcc/pic32mx/4.8.3/../../../../pic32mx/lib\libc.a(printf_cdnopsuxX.eo)
 .debug_line    0x00009d3b        0x0 c:/program files (x86)/microchip/xc32/v1.42/bin/bin/../../lib/gcc/pic32mx/4.8.3/../../../../pic32mx/lib\libc.a(_iob.o)
 .debug_line    0x00009d3b       0x81 c:/program files (x86)/microchip/xc32/v1.42/bin/bin/../../lib/gcc/pic32mx/4.8.3/../../../../pic32mx/lib\libc.a(_fputc_simple.o)
 .debug_line    0x00009dbc       0x82 c:/program files (x86)/microchip/xc32/v1.42/bin/bin/../../lib/gcc/pic32mx/4.8.3/../../../../pic32mx/lib\libc.a(doprnt_cdnopsuxX.eo)
 .debug_line    0x00009e3e       0x82 c:/program files (x86)/microchip/xc32/v1.42/bin/bin/../../lib/gcc/pic32mx/4.8.3/../../../../pic32mx/lib\libc.a(_flsbuf_simple.o)
 .debug_line    0x00009ec0        0x0 c:/program files (x86)/microchip/xc32/v1.42/bin/bin/../../lib/gcc/pic32mx/4.8.3/../../../../pic32mx/lib\libc.a(ctype.o)
 .debug_line    0x00009ec0       0x8b c:/program files (x86)/microchip/xc32/v1.42/bin/bin/../../lib/gcc/pic32mx/4.8.3/../../../../pic32mx/lib\libpic32.a(write.o)
 .debug_line    0x00009f4b       0x8f c:/program files (x86)/microchip/xc32/v1.42/bin/bin/../../lib/gcc/pic32mx/4.8.3/../../../../pic32mx/lib\libpic32.a(_mon_putc.o)
 .debug_line    0x00009fda        0x0 c:/program files (x86)/microchip/xc32/v1.42/bin/bin/../../lib/gcc/pic32mx/4.8.3/../../../../pic32mx/lib\libpic32.a(xc32_uart.o)
 .debug_line    0x00009fda       0xff c:/program files (x86)/microchip/xc32/v1.42/bin/bin/../../lib/gcc/pic32mx/4.8.3\libgcc.a(_udivdi3.o)
 .debug_line    0x0000a0d9      0x111 c:/program files (x86)/microchip/xc32/v1.42/bin/bin/../../lib/gcc/pic32mx/4.8.3\libgcc.a(_umoddi3.o)

.debug_frame    0x00000000     0x2264
 *(.debug_frame)
 .debug_frame   0x00000000       0x70 build/default/production/_ext/1047219354/drv_oc_mapping.o
 .debug_frame   0x00000070       0xd0 build/default/production/_ext/1047219354/drv_oc_static.o
 .debug_frame   0x00000140      0x438 build/default/production/_ext/1407244131/drv_tmr_static.o
 .debug_frame   0x00000578      0x200 build/default/production/_ext/1407244131/drv_tmr_mapping.o
 .debug_frame   0x00000778      0x238 build/default/production/_ext/327000265/drv_usart_mapping.o
 .debug_frame   0x000009b0       0xfc build/default/production/_ext/327000265/drv_usart_static.o
 .debug_frame   0x00000aac       0x80 build/default/production/_ext/327000265/drv_usart_static_byte_model.o
 .debug_frame   0x00000b2c       0xa0 build/default/production/_ext/639803181/sys_clk_static.o
 .debug_frame   0x00000bcc      0x1f0 build/default/production/_ext/822048611/sys_ports_static.o
 .debug_frame   0x00000dbc       0x28 build/default/production/_ext/1688732426/system_init.o
 .debug_frame   0x00000de4       0x5c build/default/production/_ext/1688732426/system_interrupt.o
 .debug_frame   0x00000e40       0x28 build/default/production/_ext/1688732426/system_exceptions.o
 .debug_frame   0x00000e68       0x58 build/default/production/_ext/1688732426/system_tasks.o
 .debug_frame   0x00000ec0       0x40 build/default/production/_ext/1688732426/rtos_hooks.o
 .debug_frame   0x00000f00       0x40 build/default/production/_ext/1360937237/debug.o
 .debug_frame   0x00000f40      0x19c build/default/production/_ext/1360937237/wifly.o
 .debug_frame   0x000010dc       0x28 build/default/production/_ext/1360937237/main.o
 .debug_frame   0x00001104      0x168 build/default/production/_ext/1360937237/serializer.o
 .debug_frame   0x0000126c       0xf8 build/default/production/_ext/1360937237/motors.o
 .debug_frame   0x00001364       0x20 build/default/production/_ext/1360937237/navigation.o
 .debug_frame   0x00001384       0xec build/default/production/_ext/1360937237/IR_Sensor.o
 .debug_frame   0x00001470      0x150 build/default/production/_ext/928989848/osal_freertos.o
 .debug_frame   0x000015c0       0xe8 build/default/production/_ext/91420158/sys_devcon.o
 .debug_frame   0x000016a8       0x28 build/default/production/_ext/91420158/sys_devcon_pic32mx.o
 .debug_frame   0x000016d0       0x90 build/default/production/_ext/1973178728/sys_int_pic32.o
 .debug_frame   0x00001760       0x5c build/default/production/_ext/1679664506/heap_1.o
 .debug_frame   0x000017bc       0xc0 build/default/production/_ext/1463924121/port.o
 .debug_frame   0x0000187c       0x60 build/default/production/_ext/508346365/list.o
 .debug_frame   0x000018dc      0x214 build/default/production/_ext/508346365/queue.o
 .debug_frame   0x00001af0      0x444 build/default/production/_ext/508346365/tasks.o
 .debug_frame   0x00001f34      0x108 build/default/production/_ext/508346365/event_groups.o
 .debug_frame   0x0000203c       0x2c c:/program files (x86)/microchip/xc32/v1.42/bin/bin/../../lib/gcc/pic32mx/4.8.3/../../../../pic32mx/lib\libpic32.a(default-bootstrap-exception-handler.o)
 .debug_frame   0x00002068       0x20 c:/program files (x86)/microchip/xc32/v1.42/bin/bin/../../lib/gcc/pic32mx/4.8.3/../../../../pic32mx/lib\libpic32.a(default-on-reset.o)
 .debug_frame   0x00002088       0x20 c:/program files (x86)/microchip/xc32/v1.42/bin/bin/../../lib/gcc/pic32mx/4.8.3/../../../../pic32mx/lib\libpic32.a(default-on-bootstrap.o)
 .debug_frame   0x000020a8       0x20 c:/program files (x86)/microchip/xc32/v1.42/bin/bin/../../lib/gcc/pic32mx/4.8.3/../../../../pic32mx/lib\libpic32.a(defaultinterrupt.o)
 .debug_frame   0x000020c8       0x48 c:/program files (x86)/microchip/xc32/v1.42/bin/bin/../../lib/gcc/pic32mx/4.8.3/../../../../pic32mx/lib\libc.a(puts.o)
 .debug_frame   0x00002110       0x28 c:/program files (x86)/microchip/xc32/v1.42/bin/bin/../../lib/gcc/pic32mx/4.8.3/../../../../pic32mx/lib\libc.a(printf_cdnopsuxX.eo)
 .debug_frame   0x00002138       0x2c c:/program files (x86)/microchip/xc32/v1.42/bin/bin/../../lib/gcc/pic32mx/4.8.3/../../../../pic32mx/lib\libc.a(_fputc_simple.o)
 .debug_frame   0x00002164       0x38 c:/program files (x86)/microchip/xc32/v1.42/bin/bin/../../lib/gcc/pic32mx/4.8.3/../../../../pic32mx/lib\libc.a(doprnt_cdnopsuxX.eo)
 .debug_frame   0x0000219c       0x28 c:/program files (x86)/microchip/xc32/v1.42/bin/bin/../../lib/gcc/pic32mx/4.8.3/../../../../pic32mx/lib\libc.a(_flsbuf_simple.o)
 .debug_frame   0x000021c4       0x38 c:/program files (x86)/microchip/xc32/v1.42/bin/bin/../../lib/gcc/pic32mx/4.8.3/../../../../pic32mx/lib\libpic32.a(write.o)
 .debug_frame   0x000021fc       0x28 c:/program files (x86)/microchip/xc32/v1.42/bin/bin/../../lib/gcc/pic32mx/4.8.3/../../../../pic32mx/lib\libpic32.a(_mon_putc.o)
 .debug_frame   0x00002224       0x20 c:/program files (x86)/microchip/xc32/v1.42/bin/bin/../../lib/gcc/pic32mx/4.8.3\libgcc.a(_udivdi3.o)
 .debug_frame   0x00002244       0x20 c:/program files (x86)/microchip/xc32/v1.42/bin/bin/../../lib/gcc/pic32mx/4.8.3\libgcc.a(_umoddi3.o)

.debug_str      0x00000000      0x7eb
 *(.debug_str)
 .debug_str     0x00000000        0xc build/default/production/_ext/1047219354/drv_oc_mapping.o
 .debug_str     0x0000000c       0x1a build/default/production/_ext/1047219354/drv_oc_static.o
 .debug_str     0x00000026       0x97 build/default/production/_ext/1407244131/drv_tmr_static.o
 .debug_str     0x000000bd        0x7 build/default/production/_ext/1407244131/drv_tmr_mapping.o
 .debug_str     0x000000c4       0x23 build/default/production/_ext/327000265/drv_usart_mapping.o
 .debug_str     0x000000e7       0xe2 build/default/production/_ext/327000265/drv_usart_static.o
 .debug_str     0x000001c9       0x12 build/default/production/_ext/327000265/drv_usart_static_byte_model.o
 .debug_str     0x000001db       0x39 build/default/production/_ext/639803181/sys_clk_static.o
 .debug_str     0x00000214       0x55 build/default/production/_ext/822048611/sys_ports_static.o
 .debug_str     0x00000269       0x36 build/default/production/_ext/1688732426/system_init.o
 .debug_str     0x0000029f       0x15 build/default/production/_ext/1688732426/system_interrupt.o
 .debug_str     0x000002b4        0x0 build/default/production/_ext/1688732426/system_exceptions.o
 .debug_str     0x000002b4        0x0 build/default/production/_ext/1688732426/system_tasks.o
 .debug_str     0x000002b4        0x9 build/default/production/_ext/1688732426/rtos_hooks.o
 .debug_str     0x000002bd        0x0 build/default/production/_ext/1360937237/debug.o
 .debug_str     0x000002bd       0x54 build/default/production/_ext/1360937237/wifly.o
 .debug_str     0x00000311        0x0 build/default/production/_ext/1360937237/main.o
 .debug_str     0x00000311       0x32 build/default/production/_ext/1360937237/serializer.o
 .debug_str     0x00000343       0x20 build/default/production/_ext/1360937237/motors.o
 .debug_str     0x00000363        0x0 build/default/production/_ext/1360937237/navigation.o
 .debug_str     0x00000363       0x18 build/default/production/_ext/1360937237/IR_Sensor.o
 .debug_str     0x0000037b       0x40 build/default/production/_ext/928989848/osal_freertos.o
 .debug_str     0x000003bb       0x16 build/default/production/_ext/91420158/sys_devcon.o
 .debug_str     0x000003d1        0x6 build/default/production/_ext/91420158/sys_devcon_pic32mx.o
 .debug_str     0x000003d7       0x2d build/default/production/_ext/1973178728/sys_int_pic32.o
 .debug_str     0x00000404       0x1d build/default/production/_ext/1679664506/heap_1.o
 .debug_str     0x00000421       0x37 build/default/production/_ext/1463924121/port.o
 .debug_str     0x00000458        0x0 build/default/production/_ext/508346365/croutine.o
 .debug_str     0x00000458       0x2b build/default/production/_ext/508346365/list.o
 .debug_str     0x00000483       0xf1 build/default/production/_ext/508346365/queue.o
 .debug_str     0x00000574      0x191 build/default/production/_ext/508346365/tasks.o
 .debug_str     0x00000705        0x0 build/default/production/_ext/508346365/timers.o
 .debug_str     0x00000705       0xe6 build/default/production/_ext/508346365/event_groups.o
 .debug_str     0x000007eb        0x0 c:/program files (x86)/microchip/xc32/v1.42/bin/bin/../../lib/gcc/pic32mx/4.8.3/../../../../pic32mx/lib\libpic32.a(default-bootstrap-exception-handler.o)
 .debug_str     0x000007eb        0x0 c:/program files (x86)/microchip/xc32/v1.42/bin/bin/../../lib/gcc/pic32mx/4.8.3/../../../../pic32mx/lib\libpic32.a(default-on-reset.o)
 .debug_str     0x000007eb        0x0 c:/program files (x86)/microchip/xc32/v1.42/bin/bin/../../lib/gcc/pic32mx/4.8.3/../../../../pic32mx/lib\libpic32.a(default-on-bootstrap.o)
 .debug_str     0x000007eb        0x0 c:/program files (x86)/microchip/xc32/v1.42/bin/bin/../../lib/gcc/pic32mx/4.8.3/../../../../pic32mx/lib\libpic32.a(defaultinterrupt.o)
 .debug_str     0x000007eb        0x0 c:/program files (x86)/microchip/xc32/v1.42/bin/bin/../../lib/gcc/pic32mx/4.8.3/../../../../pic32mx/lib\libc.a(puts.o)
 .debug_str     0x000007eb        0x0 c:/program files (x86)/microchip/xc32/v1.42/bin/bin/../../lib/gcc/pic32mx/4.8.3/../../../../pic32mx/lib\libc.a(printf_cdnopsuxX.eo)
 .debug_str     0x000007eb        0x0 c:/program files (x86)/microchip/xc32/v1.42/bin/bin/../../lib/gcc/pic32mx/4.8.3/../../../../pic32mx/lib\libc.a(_iob.o)
 .debug_str     0x000007eb        0x0 c:/program files (x86)/microchip/xc32/v1.42/bin/bin/../../lib/gcc/pic32mx/4.8.3/../../../../pic32mx/lib\libc.a(_fputc_simple.o)
 .debug_str     0x000007eb        0x0 c:/program files (x86)/microchip/xc32/v1.42/bin/bin/../../lib/gcc/pic32mx/4.8.3/../../../../pic32mx/lib\libc.a(doprnt_cdnopsuxX.eo)
 .debug_str     0x000007eb        0x0 c:/program files (x86)/microchip/xc32/v1.42/bin/bin/../../lib/gcc/pic32mx/4.8.3/../../../../pic32mx/lib\libc.a(_flsbuf_simple.o)
 .debug_str     0x000007eb        0x0 c:/program files (x86)/microchip/xc32/v1.42/bin/bin/../../lib/gcc/pic32mx/4.8.3/../../../../pic32mx/lib\libc.a(ctype.o)
 .debug_str     0x000007eb        0x0 c:/program files (x86)/microchip/xc32/v1.42/bin/bin/../../lib/gcc/pic32mx/4.8.3/../../../../pic32mx/lib\libpic32.a(write.o)
 .debug_str     0x000007eb        0x0 c:/program files (x86)/microchip/xc32/v1.42/bin/bin/../../lib/gcc/pic32mx/4.8.3/../../../../pic32mx/lib\libpic32.a(_mon_putc.o)
 .debug_str     0x000007eb        0x0 c:/program files (x86)/microchip/xc32/v1.42/bin/bin/../../lib/gcc/pic32mx/4.8.3/../../../../pic32mx/lib\libpic32.a(xc32_uart.o)
 .debug_str     0x000007eb        0x0 c:/program files (x86)/microchip/xc32/v1.42/bin/bin/../../lib/gcc/pic32mx/4.8.3\libgcc.a(_udivdi3.o)
 .debug_str     0x000007eb        0x0 c:/program files (x86)/microchip/xc32/v1.42/bin/bin/../../lib/gcc/pic32mx/4.8.3\libgcc.a(_umoddi3.o)

.debug_loc      0x00000000     0x8a1b
 *(.debug_loc)
 .debug_loc     0x00000000      0x220 build/default/production/_ext/1047219354/drv_oc_mapping.o
 .debug_loc     0x00000220      0xbf7 build/default/production/_ext/1407244131/drv_tmr_static.o
 .debug_loc     0x00000e17      0x735 build/default/production/_ext/1407244131/drv_tmr_mapping.o
 .debug_loc     0x0000154c      0x69f build/default/production/_ext/327000265/drv_usart_mapping.o
 .debug_loc     0x00001beb      0x575 build/default/production/_ext/327000265/drv_usart_static.o
 .debug_loc     0x00002160       0x74 build/default/production/_ext/327000265/drv_usart_static_byte_model.o
 .debug_loc     0x000021d4       0x49 build/default/production/_ext/639803181/sys_clk_static.o
 .debug_loc     0x0000221d      0xecf build/default/production/_ext/822048611/sys_ports_static.o
 .debug_loc     0x000030ec       0x21 build/default/production/_ext/1688732426/system_init.o
 .debug_loc     0x0000310d       0x6f build/default/production/_ext/1688732426/system_interrupt.o
 .debug_loc     0x0000317c       0x34 build/default/production/_ext/1688732426/rtos_hooks.o
 .debug_loc     0x000031b0       0x7e build/default/production/_ext/1360937237/debug.o
 .debug_loc     0x0000322e      0x4b6 build/default/production/_ext/1360937237/wifly.o
 .debug_loc     0x000036e4      0x8a9 build/default/production/_ext/1360937237/serializer.o
 .debug_loc     0x00003f8d      0x170 build/default/production/_ext/1360937237/motors.o
 .debug_loc     0x000040fd      0x1f7 build/default/production/_ext/1360937237/IR_Sensor.o
 .debug_loc     0x000042f4      0x40c build/default/production/_ext/928989848/osal_freertos.o
 .debug_loc     0x00004700       0xf0 build/default/production/_ext/91420158/sys_devcon.o
 .debug_loc     0x000047f0       0xec build/default/production/_ext/91420158/sys_devcon_pic32mx.o
 .debug_loc     0x000048dc       0x8d build/default/production/_ext/1973178728/sys_int_pic32.o
 .debug_loc     0x00004969       0x49 build/default/production/_ext/1679664506/heap_1.o
 .debug_loc     0x000049b2       0xea build/default/production/_ext/1463924121/port.o
 .debug_loc     0x00004a9c       0x31 build/default/production/_ext/508346365/list.o
 .debug_loc     0x00004acd      0xc93 build/default/production/_ext/508346365/queue.o
 .debug_loc     0x00005760     0x152a build/default/production/_ext/508346365/tasks.o
 .debug_loc     0x00006c8a      0x8ea build/default/production/_ext/508346365/event_groups.o
 .debug_loc     0x00007574      0xa6a c:/program files (x86)/microchip/xc32/v1.42/bin/bin/../../lib/gcc/pic32mx/4.8.3\libgcc.a(_udivdi3.o)
 .debug_loc     0x00007fde      0xa3d c:/program files (x86)/microchip/xc32/v1.42/bin/bin/../../lib/gcc/pic32mx/4.8.3\libgcc.a(_umoddi3.o)

.debug_macinfo
 *(.debug_macinfo)

.debug_weaknames
 *(.debug_weaknames)

.debug_funcnames
 *(.debug_funcnames)

.debug_typenames
 *(.debug_typenames)

.debug_varnames
 *(.debug_varnames)

.debug_pubtypes
 *(.debug_pubtypes)

.debug_ranges   0x00000000     0x1010
 *(.debug_ranges)
 .debug_ranges  0x00000000       0x28 build/default/production/_ext/1047219354/drv_oc_mapping.o
 .debug_ranges  0x00000028       0x68 build/default/production/_ext/1047219354/drv_oc_static.o
 .debug_ranges  0x00000090      0x230 build/default/production/_ext/1407244131/drv_tmr_static.o
 .debug_ranges  0x000002c0       0xb8 build/default/production/_ext/1407244131/drv_tmr_mapping.o
 .debug_ranges  0x00000378       0x98 build/default/production/_ext/327000265/drv_usart_mapping.o
 .debug_ranges  0x00000410       0x98 build/default/production/_ext/327000265/drv_usart_static.o
 .debug_ranges  0x000004a8       0x38 build/default/production/_ext/327000265/drv_usart_static_byte_model.o
 .debug_ranges  0x000004e0       0x40 build/default/production/_ext/639803181/sys_clk_static.o
 .debug_ranges  0x00000520       0xf8 build/default/production/_ext/822048611/sys_ports_static.o
 .debug_ranges  0x00000618       0x10 build/default/production/_ext/1688732426/system_init.o
 .debug_ranges  0x00000628       0x28 build/default/production/_ext/1688732426/system_interrupt.o
 .debug_ranges  0x00000650       0x10 build/default/production/_ext/1688732426/system_exceptions.o
 .debug_ranges  0x00000660       0x20 build/default/production/_ext/1688732426/system_tasks.o
 .debug_ranges  0x00000680       0x50 build/default/production/_ext/1688732426/system_interrupt_a.o
 .debug_ranges  0x000006d0       0x18 build/default/production/_ext/1688732426/rtos_hooks.o
 .debug_ranges  0x000006e8       0x18 build/default/production/_ext/1360937237/debug.o
 .debug_ranges  0x00000700       0xc8 build/default/production/_ext/1360937237/wifly.o